03-24 00:51:14.158 13820 13884 D WM-GreedyScheduler: Starting tracking for 3d180847-fa04-47a3-928a-eda36faa2cf7,111f9101-c643-41b4-aa2e-5c698f2117f1,539e6e56-1828-411f-a760-11b287240969,a73be7b5-3c8c-46ac-930f-0cf282bea819,7274ce2b-c624-48bc-bc5c-f6a3d274df36,863edcf6-285f-47e7-bb74-6c91c6b562f7,bc8bd453-4c5e-4d27-b1cc-f1eda3ca8c9a,12721b33-3f5a-4f4e-9f79-b9c2ff957993,64ee115b-695e-4f54-814a-a8e669c43ff4
03-24 00:51:14.177 13820 13909 D WM-GreedyScheduler: Starting tracking for 3d180847-fa04-47a3-928a-eda36faa2cf7,111f9101-c643-41b4-aa2e-5c698f2117f1,87cf8c09-4d80-4e4c-a801-dc27a048ca96,539e6e56-1828-411f-a760-11b287240969,a73be7b5-3c8c-46ac-930f-0cf282bea819,7274ce2b-c624-48bc-bc5c-f6a3d274df36,863edcf6-285f-47e7-bb74-6c91c6b562f7,bc8bd453-4c5e-4d27-b1cc-f1eda3ca8c9a,12721b33-3f5a-4f4e-9f79-b9c2ff957993,64ee115b-695e-4f54-814a-a8e669c43ff4
03-24 00:51:14.195 13820 13909 D WM-GreedyScheduler: Starting tracking for 3d180847-fa04-47a3-928a-eda36faa2cf7,111f9101-c643-41b4-aa2e-5c698f2117f1,87cf8c09-4d80-4e4c-a801-dc27a048ca96,539e6e56-1828-411f-a760-11b287240969,a73be7b5-3c8c-46ac-930f-0cf282bea819,35340bda-a021-4312-9ea5-a04ae53cfed2,7274ce2b-c624-48bc-bc5c-f6a3d274df36,863edcf6-285f-47e7-bb74-6c91c6b562f7,bc8bd453-4c5e-4d27-b1cc-f1eda3ca8c9a,12721b33-3f5a-4f4e-9f79-b9c2ff957993,64ee115b-695e-4f54-814a-a8e669c43ff4
03-24 00:51:14.204  4789  7523 D AppStartupManager: error happend in shouldPreventStartService:checkStartupLimit
03-24 00:51:14.219  5514 14212 I NetworkScheduler.Stats: (REDACTED) Task %s/%s started execution. cause:%s exec_start_elapsed_seconds: %s
03-24 00:51:14.220  4789  5101 D AppStartupManager: error happend in shouldPreventStartService:checkStartupLimit
03-24 00:51:14.226  5514 14210 I NetworkScheduler.Stats: (REDACTED) Task %s/%s finished executing. cause:%s result: %s elapsed_millis: %s uptime_millis: %s exec_start_elapsed_seconds: %s
03-24 00:51:14.277 13820 13909 D WM-GreedyScheduler: Starting tracking for 3d180847-fa04-47a3-928a-eda36faa2cf7,111f9101-c643-41b4-aa2e-5c698f2117f1,87cf8c09-4d80-4e4c-a801-dc27a048ca96,539e6e56-1828-411f-a760-11b287240969,a73be7b5-3c8c-46ac-930f-0cf282bea819,35340bda-a021-4312-9ea5-a04ae53cfed2,7274ce2b-c624-48bc-bc5c-f6a3d274df36,863edcf6-285f-47e7-bb74-6c91c6b562f7,7483cdbb-d651-45a5-9120-c097c573b064,bc8bd453-4c5e-4d27-b1cc-f1eda3ca8c9a,12721b33-3f5a-4f4e-9f79-b9c2ff957993,64ee115b-695e-4f54-814a-a8e669c43ff4
03-24 00:51:14.290 13820 13909 D WM-GreedyScheduler: Starting tracking for 3d180847-fa04-47a3-928a-eda36faa2cf7,539e6e56-1828-411f-a760-11b287240969,a73be7b5-3c8c-46ac-930f-0cf282bea819,7274ce2b-c624-48bc-bc5c-f6a3d274df36,31fd70f2-d61d-423f-a77f-cfb7a0316cf6,bc8bd453-4c5e-4d27-b1cc-f1eda3ca8c9a,64ee115b-695e-4f54-814a-a8e669c43ff4,111f9101-c643-41b4-aa2e-5c698f2117f1,87cf8c09-4d80-4e4c-a801-dc27a048ca96,35340bda-a021-4312-9ea5-a04ae53cfed2,863edcf6-285f-47e7-bb74-6c91c6b562f7,7483cdbb-d651-45a5-9120-c097c573b064,12721b33-3f5a-4f4e-9f79-b9c2ff957993
03-24 00:51:14.329  4789  7523 D AppStartupManager: error happend in shouldPreventStartService:checkStartupLimit
03-24 00:51:14.331 13820 13820 D WM-WorkerWrapper: Starting work for com.taboola.android.bi_events.supply_feature_event.SupplyEventSendWorker
03-24 00:51:14.334  4789  7215 D ActivityManager: Skip enqueue broadcast because no receiver with Intent { act=com.facebook.stateupdate.SYS_ENTER flg=0x10 pkg=com.facebook.system (has extras) }
03-24 00:51:14.337 13820 13820 D WM-WorkerWrapper: Starting work for com.taboola.android.bi_events.supply_feature_event.SupplyEventSendWorker
03-24 00:51:14.338 13820 13820 D WM-WorkerWrapper: Starting work for com.taboola.android.bi_events.supply_feature_event.SupplyEventSendWorker
03-24 00:51:14.339 13820 13820 D WM-WorkerWrapper: Starting work for com.taboola.android.bi_events.supply_feature_event.SupplyEventSendWorker
03-24 00:51:14.339 13820 13820 D WM-WorkerWrapper: Starting work for com.taboola.android.bi_events.supply_feature_event.SupplyEventSendWorker
03-24 00:51:14.340 13820 13820 D WM-WorkerWrapper: Starting work for com.taboola.android.bi_events.supply_feature_event.SupplyEventSendWorker
03-24 00:51:14.341 13820 13820 D WM-WorkerWrapper: Starting work for com.taboola.android.bi_events.beacon.BeaconEventsWorker
03-24 00:51:14.342 13820 13820 D WM-WorkerWrapper: Starting work for com.taboola.android.bi_events.beacon.BeaconEventsWorker
03-24 00:51:14.342 13820 13820 D WM-WorkerWrapper: Starting work for com.taboola.android.bi_events.beacon.BeaconEventsWorker
03-24 00:51:14.343 13820 13820 D WM-WorkerWrapper: Starting work for com.taboola.android.bi_events.beacon.BeaconEventsWorker
03-24 00:51:14.344 13820 13820 D WM-WorkerWrapper: Starting work for com.taboola.android.bi_events.beacon.BeaconEventsWorker
03-24 00:51:14.345 13820 13820 D WM-WorkerWrapper: Starting work for com.taboola.android.bi_events.beacon.BeaconEventsWorker
03-24 00:51:14.346 13820 13820 D WM-WorkerWrapper: Starting work for com.taboola.android.bi_events.trc.TrcEventSendWorker
03-24 00:51:14.364  5514 14208 I NetworkScheduler.Stats: (REDACTED) Task %s/%s started execution. cause:%s exec_start_elapsed_seconds: %s
03-24 00:51:14.371  4789  7523 D AppStartupManager: error happend in shouldPreventStartService:checkStartupLimit
03-24 00:51:14.373  4789  7215 D AppStartupManager: error happend in shouldPreventStartService:checkStartupLimit
03-24 00:51:14.377  5514  5514 D BoundBrokerSvc: onRebind: Intent { act=com.google.android.gms.auth.aang.events.services.START dat=chimera-action:/... cmp=com.google.android.gms/.chimera.PersistentApiService }
03-24 00:51:14.384  4789  7215 D AppStartupManager: error happend in shouldPreventStartService:checkStartupLimit
03-24 00:51:14.388  4789  7215 D AppStartupManager: error happend in shouldPreventStartService:checkStartupLimit
03-24 00:51:14.392  4789  7215 D AppStartupManager: error happend in shouldPreventStartService:checkStartupLimit
03-24 00:51:14.473  4789  7523 D AppStartupManager: error happend in shouldPreventStartService:checkStartupLimit
03-24 00:51:14.494  5514 14208 I fybm    : (REDACTED) Starting batch sync for corpora: %s
03-24 00:51:14.581  4789  8798 D AppStartupManager: error happend in shouldPreventStartService:checkStartupLimit
03-24 00:51:14.657  5080  5125 D MobileSignalController: updateTelephonySignalStrength: hasService=true ss=SignalStrength:{mCdma=CellSignalStrengthCdma: cdmaDbm=2147483647 cdmaEcio=2147483647 evdoDbm=2147483647 evdoEcio=2147483647 evdoSnr=2147483647 level=0,mGsm=CellSignalStrengthGsm: rssi=2147483647 ber=2147483647 mTa=2147483647 mLevel=0,mWcdma=CellSignalStrengthWcdma: ss=2147483647 ber=2147483647 rscp=2147483647 ecno=2147483647 level=0,mTdscdma=CellSignalStrengthTdscdma: rssi=2147483647 ber=2147483647 rscp=2147483647 level=0,mLte=CellSignalStrengthLte: rssi=-51 rsrp=-89 rsrq=-29 rssnr=1 cqiTableIndex=2147483647 cqi=2147483647 ta=2147483647 level=4 parametersUseForLevel=0,mNr=CellSignalStrengthNr:{ csiRsrp = 2147483647 csiRsrq = 2147483647 csiCqiTableIndex = 2147483647 csiCqiReport = [] ssRsrp = 2147483647 ssRsrq = 2147483647 ssSinr = 2147483647 level = 0 parametersUseForLevel = 0 timingAdvance = 2147483647 },primary=CellSignalStrengthLte} displayInfo=TelephonyDisplayInfo {network=LTE, overrideNetwork=NONE, isRoaming=false}
03-24 00:51:14.658  4789  5441 D OplusFastRecovery: onSignalStrengthsChanged:SignalStrength:{mCdma=CellSignalStrengthCdma: cdmaDbm=2147483647 cdmaEcio=2147483647 evdoDbm=2147483647 evdoEcio=2147483647 evdoSnr=2147483647 level=0,mGsm=CellSignalStrengthGsm: rssi=2147483647 ber=2147483647 mTa=2147483647 mLevel=0,mWcdma=CellSignalStrengthWcdma: ss=2147483647 ber=2147483647 rscp=2147483647 ecno=2147483647 level=0,mTdscdma=CellSignalStrengthTdscdma: rssi=2147483647 ber=2147483647 rscp=2147483647 level=0,mLte=CellSignalStrengthLte: rssi=-51 rsrp=-89 rsrq=-29 rssnr=1 cqiTableIndex=2147483647 cqi=2147483647 ta=2147483647 level=4 parametersUseForLevel=0,mNr=CellSignalStrengthNr:{ csiRsrp = 2147483647 csiRsrq = 2147483647 csiCqiTableIndex = 2147483647 csiCqiReport = [] ssRsrp = 2147483647 ssRsrq = 2147483647 ssSinr = 2147483647 level = 0 parametersUseForLevel = 0 timingAdvance = 2147483647 },primary=CellSignalStrengthLte}
03-24 00:51:14.658  4789  7215 D AppStartupManager: error happend in shouldPreventStartService:checkStartupLimit
03-24 00:51:14.663  5080  5080 D SystemUi--SystemUi--: StatusBarSignalPolicyExImpl-->simSlotIndex =0,simSlotIndex = 0
03-24 00:51:14.717  4789  7523 D AppStartupManager: error happend in shouldPreventStartService:checkStartupLimit
03-24 00:51:14.719 13140 13140 D BoundBrokerSvc: onBind: Intent { act=com.google.android.gms.fido.fido2.regular.START dat=chimera-action:/... cmp=com.google.android.gms/.chimera.GmsBoundBrokerService }
03-24 00:51:14.719 13140 13140 D BoundBrokerSvc: Loading bound service for intent: Intent { act=com.google.android.gms.fido.fido2.regular.START dat=chimera-action:/... cmp=com.google.android.gms/.chimera.GmsBoundBrokerService }
03-24 00:51:14.755  4789  7523 D AppStartupManager: error happend in shouldPreventStartService:checkStartupLimit
03-24 00:51:14.781  4789  6052 D AppStartupManager: error happend in shouldPreventStartService:checkStartupLimit
03-24 00:51:14.783 13140 13140 D BoundBrokerSvc: onBind: Intent { act=com.google.android.gms.ocr.service.START dat=chimera-action:/... cmp=com.google.android.gms/.chimera.GmsApiService }
03-24 00:51:14.783 13140 13140 D BoundBrokerSvc: Loading bound service for intent: Intent { act=com.google.android.gms.ocr.service.START dat=chimera-action:/... cmp=com.google.android.gms/.chimera.GmsApiService }
03-24 00:51:14.817  4789  6052 D AppStartupManager: error happend in shouldPreventStartService:checkStartupLimit
03-24 00:51:14.829 13140 14236 E RequestContextBuilder: 	at android.os.Parcel.readException(Parcel.java:3208)
03-24 00:51:14.829 13140 14236 E RequestContextBuilder: 	at android.database.DatabaseUtils.readExceptionFromParcel(DatabaseUtils.java:203)
03-24 00:51:14.829 13140 14236 E RequestContextBuilder: 	at android.database.DatabaseUtils.readExceptionFromParcel(DatabaseUtils.java:155)
03-24 00:51:14.847  4789  7523 D AppStartupManager: error happend in shouldPreventStartService:checkStartupLimit
03-24 00:51:14.849 13140 13140 D BoundBrokerSvc: onBind: Intent { act=com.google.android.gms.chimera.container.moduleinstall.ModuleInstallService.START dat=chimera-action:/... cmp=com.google.android.gms/.chimera.GmsApiService }
03-24 00:51:14.849 13140 13140 D BoundBrokerSvc: Loading bound service for intent: Intent { act=com.google.android.gms.chimera.container.moduleinstall.ModuleInstallService.START dat=chimera-action:/... cmp=com.google.android.gms/.chimera.GmsApiService }
03-24 00:51:14.866  4789  6052 D AppStartupManager: error happend in shouldPreventStartService:checkStartupLimit
03-24 00:51:14.869 13140 13140 D BoundBrokerSvc: onBind: Intent { act=com.google.android.gms.ocr.service.internal.START dat=chimera-action:/... cmp=com.google.android.gms/.chimera.GmsInternalApiService }
03-24 00:51:14.870 13140 13140 D BoundBrokerSvc: Loading bound service for intent: Intent { act=com.google.android.gms.ocr.service.internal.START dat=chimera-action:/... cmp=com.google.android.gms/.chimera.GmsInternalApiService }
03-24 00:51:14.875  4789  6052 D AppStartupManager: error happend in shouldPreventStartService:checkStartupLimit
03-24 00:51:14.887  4789  6052 D AppStartupManager: error happend in shouldPreventStartService:checkStartupLimit
03-24 00:51:15.013 14179 14247 D nativeloader: Load /data/app/~~khUwVuIB8lMLIFeu2dSspQ==/com.google.android.apps.messaging-d4MgM58Nl_pHY0uQLPHJtA==/split_config.arm64_v8a.apk!/lib/arm64-v8a/libnative_crash_handler_jni.so using class loader ns clns-8 (caller=/data/app/~~khUwVuIB8lMLIFeu2dSspQ==/com.google.android.apps.messaging-d4MgM58Nl_pHY0uQLPHJtA==/base.apk!classes3.dex): ok
03-24 00:51:15.016 14179 14179 D nativeloader: Load libunipnp_jni.so using system ns (caller=/system_ext/framework/unipnp-framework.jar): ok
03-24 00:51:15.019  4789  7523 D AppStartupManager: error happend in shouldPreventStartService:checkStartupLimit
03-24 00:51:15.138 13820 13911 I WM-WorkerWrapper: Worker result SUCCESS for Work [ id=a73be7b5-3c8c-46ac-930f-0cf282bea819, tags={ com.taboola.android.bi_events.supply_feature_event.SupplyEventSendWorker,ITEM_VISIBLE_START.REPORTED,BiEventsWorker } ]
03-24 00:51:15.215 14179 14254 I BugleRcs: android.content.pm.PackageManager$NameNotFoundException: com.google.android.ims
03-24 00:51:15.222 14179 14251 I BugleDataModel: HeavyWorkQueueEmptyObserver: Starting observation of WorkQueueWorkManagerTable
03-24 00:51:15.227  4789  7523 D AppStartupManager: error happend in shouldPreventStartService:checkStartupLimit
03-24 00:51:15.254 14179 14251 I BugleJobs: Starting sync data to wearable message observer. [CONTEXT class_name="SyncDataToWearableMessageChangeObserver" ]
03-24 00:51:15.323  5514 14208 I NetworkScheduler.Stats: (REDACTED) Task %s/%s finished executing. cause:%s result: %s elapsed_millis: %s uptime_millis: %s exec_start_elapsed_seconds: %s
03-24 00:51:15.357 14179 14254 I BugleSystemBindingManag: BugleSystemBindingManager: onBuglePhenotypeFlagChanged
03-24 00:51:15.358  4789  5101 D PackageManager: Considering set com.google.android.apps.messaging/com.google.android.ims.binding.SystemBindingService's state as 1 with userId = 0, callingPackage = com.google.android.apps.messaging:10160
03-24 00:51:15.359 14179 14243 I BugleRcsEngine: SystemBinding enabled: true [CONTEXT log_prefix="SystemBindingManager" thread_id=69 ]
03-24 00:51:15.360 14179 14243 I BugleRcsEngine: System Binding updated [CONTEXT thread_id=69 ]
03-24 00:51:15.378  4789  5101 D AppStartupManager: error happend in shouldPreventStartService:checkStartupLimit
03-24 00:51:15.389 14179 14241 D WM-PackageManagerHelper: Skipping component enablement for androidx.work.impl.background.systemjob.SystemJobService
03-24 00:51:15.390 14179 14241 D WM-Schedulers: Created SystemJobScheduler and enabled SystemJobService
03-24 00:51:15.392  4789  7215 D AppStartupManager: error happend in shouldPreventStartService:checkStartupLimit
03-24 00:51:15.400  5514 10383 I NetworkScheduler.Stats: (REDACTED) Task %s/%s started execution. cause:%s exec_start_elapsed_seconds: %s
03-24 00:51:15.409 13140 29390 I PlayGamesServices[GamesSyncAdapter]: Starting sync for 9df0625d
03-24 00:51:15.417  5514 14210 I NetworkScheduler.Stats: (REDACTED) Task %s/%s finished executing. cause:%s result: %s elapsed_millis: %s uptime_millis: %s exec_start_elapsed_seconds: %s
03-24 00:51:15.417 13820 13909 I WM-WorkerWrapper: Worker result SUCCESS for Work [ id=12721b33-3f5a-4f4e-9f79-b9c2ff957993, tags={ com.taboola.android.bi_events.beacon.BeaconEventsWorker,ITEM_VISIBLE_START,BiEventsWorker } ]
03-24 00:51:15.518 13820 13911 I WM-WorkerWrapper: Worker result SUCCESS for Work [ id=3d180847-fa04-47a3-928a-eda36faa2cf7, tags={ com.taboola.android.bi_events.supply_feature_event.SupplyEventSendWorker,ITEM_VISIBLE_START.REPORTED,BiEventsWorker } ]
03-24 00:51:15.568  4789  6052 D AppStartupManager: error happend in shouldPreventStartService:checkStartupLimit
03-24 00:51:15.591 14179 14256 D WM-SystemJobScheduler: Reconciling jobs
03-24 00:51:15.593  4789  7215 D AppStartupManager: error happend in shouldPreventStartService:checkStartupLimit
03-24 00:51:15.600  5514 14210 I NetworkScheduler.Stats: (REDACTED) Task %s/%s started execution. cause:%s exec_start_elapsed_seconds: %s
03-24 00:51:15.604 13140 10882 I PlayGamesServices[GamesSyncAdapter]: Starting sync for 21656d3
03-24 00:51:15.613  5514 10383 I NetworkScheduler.Stats: (REDACTED) Task %s/%s finished executing. cause:%s result: %s elapsed_millis: %s uptime_millis: %s exec_start_elapsed_seconds: %s
03-24 00:51:15.642 14179 14256 D WM-SystemJobScheduler: Scheduling work ID 038d14e1-f6ce-4e3c-83ef-e7106ca474bdJob ID 1101
03-24 00:51:15.649 14179 14256 D WM-SystemJobScheduler: Scheduling work ID 8b23d23a-58e1-4592-9878-6f43a22032a3Job ID 2341
03-24 00:51:15.655 14179 14256 D WM-SystemJobScheduler: Scheduling work ID 8fe54af0-1214-43df-80f2-07cd6bd7e2b7Job ID 1916
03-24 00:51:15.659  4789  5441 D OplusFastRecovery: onSignalStrengthsChanged:SignalStrength:{mCdma=CellSignalStrengthCdma: cdmaDbm=2147483647 cdmaEcio=2147483647 evdoDbm=2147483647 evdoEcio=2147483647 evdoSnr=2147483647 level=0,mGsm=CellSignalStrengthGsm: rssi=2147483647 ber=2147483647 mTa=2147483647 mLevel=0,mWcdma=CellSignalStrengthWcdma: ss=2147483647 ber=2147483647 rscp=2147483647 ecno=2147483647 level=0,mTdscdma=CellSignalStrengthTdscdma: rssi=2147483647 ber=2147483647 rscp=2147483647 level=0,mLte=CellSignalStrengthLte: rssi=-51 rsrp=-86 rsrq=-27 rssnr=0 cqiTableIndex=2147483647 cqi=2147483647 ta=2147483647 level=4 parametersUseForLevel=0,mNr=CellSignalStrengthNr:{ csiRsrp = 2147483647 csiRsrq = 2147483647 csiCqiTableIndex = 2147483647 csiCqiReport = [] ssRsrp = 2147483647 ssRsrq = 2147483647 ssSinr = 2147483647 level = 0 parametersUseForLevel = 0 timingAdvance = 2147483647 },primary=CellSignalStrengthLte}
03-24 00:51:15.660  5080  5125 D MobileSignalController: updateTelephonySignalStrength: hasService=true ss=SignalStrength:{mCdma=CellSignalStrengthCdma: cdmaDbm=2147483647 cdmaEcio=2147483647 evdoDbm=2147483647 evdoEcio=2147483647 evdoSnr=2147483647 level=0,mGsm=CellSignalStrengthGsm: rssi=2147483647 ber=2147483647 mTa=2147483647 mLevel=0,mWcdma=CellSignalStrengthWcdma: ss=2147483647 ber=2147483647 rscp=2147483647 ecno=2147483647 level=0,mTdscdma=CellSignalStrengthTdscdma: rssi=2147483647 ber=2147483647 rscp=2147483647 level=0,mLte=CellSignalStrengthLte: rssi=-51 rsrp=-86 rsrq=-27 rssnr=0 cqiTableIndex=2147483647 cqi=2147483647 ta=2147483647 level=4 parametersUseForLevel=0,mNr=CellSignalStrengthNr:{ csiRsrp = 2147483647 csiRsrq = 2147483647 csiCqiTableIndex = 2147483647 csiCqiReport = [] ssRsrp = 2147483647 ssRsrq = 2147483647 ssSinr = 2147483647 level = 0 parametersUseForLevel = 0 timingAdvance = 2147483647 },primary=CellSignalStrengthLte} displayInfo=TelephonyDisplayInfo {network=LTE, overrideNetwork=NONE, isRoaming=false}
03-24 00:51:15.662 14179 14256 D WM-SystemJobScheduler: Scheduling work ID 98009497-77cf-4f21-b073-5d8735d0e417Job ID 1462
03-24 00:51:15.664  5080  5080 D SystemUi--SystemUi--: StatusBarSignalPolicyExImpl-->simSlotIndex =0,simSlotIndex = 0
03-24 00:51:15.665 14179 14256 D WM-SystemJobScheduler: Scheduling work ID 55560dd7-8d89-4b2f-8e6d-b0fe399003e6Job ID 1103
03-24 00:51:15.672 14179 14256 D WM-SystemJobScheduler: Scheduling work ID 304d1119-0e2d-43fa-857e-dae4f793c5c6Job ID 2847
03-24 00:51:15.675 14179 14256 D WM-SystemJobScheduler: Scheduling work ID 0cf7c1b7-f99f-4b36-8b8b-12f108db74bcJob ID 1114
03-24 00:51:15.681 14179 14256 D WM-SystemJobScheduler: Scheduling work ID 47ddc748-8798-48d7-9097-17ed57591290Job ID 1053
03-24 00:51:15.688 14179 14256 D WM-SystemJobScheduler: Scheduling work ID 796e54c7-b6c4-46fc-894f-c9da851293d1Job ID 1102
03-24 00:51:15.694 14179 14256 D WM-SystemJobScheduler: Scheduling work ID 410bda39-56fe-416b-ae83-56b6ec820c2eJob ID 1457
03-24 00:51:15.700 14179 14256 D WM-SystemJobScheduler: Scheduling work ID 529b236f-78a9-43b6-8fda-8626989400c1Job ID 1463
03-24 00:51:15.707 14179 14256 D WM-SystemJobScheduler: Scheduling work ID 815fb65f-95b9-4678-95b5-e722da9242caJob ID 1311
03-24 00:51:15.713 14179 14256 D WM-SystemJobScheduler: Scheduling work ID bc6f7f51-a6df-498a-b046-6bfcc9c5bbafJob ID 1458
03-24 00:51:15.720 14179 14256 D WM-SystemJobScheduler: Scheduling work ID 1a558b54-16de-41b4-b1c2-6ba03bbb6ce4Job ID 1455
03-24 00:51:15.725 13820 13911 I WM-WorkerWrapper: Worker result SUCCESS for Work [ id=7483cdbb-d651-45a5-9120-c097c573b064, tags={ com.taboola.android.bi_events.beacon.BeaconEventsWorker,ITEM_VISIBLE_START,BiEventsWorker } ]
03-24 00:51:15.727 14179 14256 D WM-SystemJobScheduler: Scheduling work ID 1dc7e704-e074-45d9-b5c9-e97d7132cce1Job ID 1465
03-24 00:51:15.733 14179 14256 D WM-SystemJobScheduler: Scheduling work ID 925edd08-685f-4859-9b21-d4d215eacb24Job ID 1466
03-24 00:51:15.740 14179 14256 D WM-SystemJobScheduler: Scheduling work ID 38b21367-f482-4bee-b7f5-67fbdc38d3deJob ID 1878
03-24 00:51:15.742 14179 14256 D WM-SystemJobScheduler: Scheduling work ID 27299e24-4cb8-4c94-8e40-7ab376f4dff5Job ID 1452
03-24 00:51:15.765  5080  5746 D SystemUi--MiniCapsule: FlowEffectController-->calculateUsageLimitForSlot() called with: simInfo = SimDataInfo(subId=5, slotId=0, dailyLimitLevel=0, dailyUsageLevel=96668, isReminded=false)
03-24 00:51:15.780 14179 14256 D WM-SystemJobScheduler: Scheduling work ID e18ca7e0-8488-429f-92eb-bcbc01cab57cJob ID 1467
03-24 00:51:15.783  4789  7215 D AppStartupManager: error happend in shouldPreventStartService:checkStartupLimit
03-24 00:51:15.787 14179 14256 D WM-GreedyScheduler: Starting work for e18ca7e0-8488-429f-92eb-bcbc01cab57c
03-24 00:51:15.788 14179 14179 D WM-SystemJobService: onStartJob for WorkGenerationalId(workSpecId=e18ca7e0-8488-429f-92eb-bcbc01cab57c, generation=0)
03-24 00:51:15.830 14179 14256 D WM-PackageManagerHelper: Skipping component enablement for androidx.work.impl.background.systemalarm.RescheduleReceiver
03-24 00:51:15.832 14179 14179 D WM-WorkerWrapper: Starting work for com.google.android.apps.messaging.shared.datamodel.workqueue.WorkQueueWorkerShim
03-24 00:51:15.836 14179 14179 D WM-SystemJobService: e18ca7e0-8488-429f-92eb-bcbc01cab57c executed on JobScheduler
03-24 00:51:15.988  4789  7215 D AppStartupManager: error happend in shouldPreventStartService:checkStartupLimit
03-24 00:51:16.034 13820 13911 I WM-WorkerWrapper: Worker result SUCCESS for Work [ id=31fd70f2-d61d-423f-a77f-cfb7a0316cf6, tags={ com.taboola.android.bi_events.trc.TrcEventSendWorker,notifyVisible.screenIndex: 0,BiEventsWorker } ]
03-24 00:51:16.267  4789  6052 I android_os_HwBinder: HwBinder: Starting thread pool for getting: vendor.sprd.hardware.thermal@2.0::IExtThermal/default
03-24 00:51:16.274  4789  4789 D TemperatureManagerService: runinAppStartFlag: 0
03-24 00:51:16.473  5675  5821 W bluetooth: system/gd/hci/hci_layer.cc:499 on_vs_event: Unhandled vendor specific event of type Unknown VseSubeventCode(0x0a)
03-24 00:51:16.658  1085  1085 D PowerHAL: Enter common_set: enable:0, duration: 0, /sys/devices/system/cpu/cpufreq/policy0/scaling_max_freq: max
03-24 00:51:16.658  1085  1085 D PowerHAL: Enter common_set: enable:0, duration: 0, /sys/devices/system/cpu/cpufreq/policy6/scaling_min_freq: max
03-24 00:51:16.659  1085  1085 D PowerHAL: Enter common_set: enable:0, duration: 0, /sys/devices/system/cpu/cpufreq/policy0/scaling_min_freq: max
03-24 00:51:16.659  1085  1085 D PowerHAL: Enter common_set: enable:0, duration: 0, /sys/devices/system/cpu/cpufreq/policy6/scaling_max_freq: max
03-24 00:51:16.759  5080  5746 D SystemUi--MiniCapsule: FlowEffectController-->calculateUsageLimitForSlot() called with: simInfo = SimDataInfo(subId=5, slotId=0, dailyLimitLevel=0, dailyUsageLevel=96668, isReminded=false)
03-24 00:51:16.973  4789  6052 D AppStartupManager: error happend in shouldPreventStartService:checkStartupLimit
03-24 00:51:16.980  5514 10383 I NetworkScheduler.Stats: (REDACTED) Task %s/%s finished executing. cause:%s result: %s elapsed_millis: %s uptime_millis: %s exec_start_elapsed_seconds: %s
03-24 00:51:16.980  4789  5101 V AlarmManager: set(PendingIntent{4bc360b: PendingIntentRecord{41c8ce8 com.google.android.gms/com.google.android.gms.container startService}}) : type=3 listener=null listenerTag=null workSource=null callingPackage=com.google.android.gms callingUid=10154 triggerAtTime=315439766979 win=3600000 tElapsed=315439766979 maxElapsed=315443366979 interval=0 flags=0x0
03-24 00:51:17.501  4789  6052 D AppStartupManager: error happend in shouldPreventStartService:checkStartupLimit
03-24 00:51:17.662  5080  5125 D MobileSignalController: updateTelephonySignalStrength: hasService=true ss=SignalStrength:{mCdma=CellSignalStrengthCdma: cdmaDbm=2147483647 cdmaEcio=2147483647 evdoDbm=2147483647 evdoEcio=2147483647 evdoSnr=2147483647 level=0,mGsm=CellSignalStrengthGsm: rssi=2147483647 ber=2147483647 mTa=2147483647 mLevel=0,mWcdma=CellSignalStrengthWcdma: ss=2147483647 ber=2147483647 rscp=2147483647 ecno=2147483647 level=0,mTdscdma=CellSignalStrengthTdscdma: rssi=2147483647 ber=2147483647 rscp=2147483647 level=0,mLte=CellSignalStrengthLte: rssi=-51 rsrp=-85 rsrq=-26 rssnr=1 cqiTableIndex=2147483647 cqi=2147483647 ta=2147483647 level=4 parametersUseForLevel=0,mNr=CellSignalStrengthNr:{ csiRsrp = 2147483647 csiRsrq = 2147483647 csiCqiTableIndex = 2147483647 csiCqiReport = [] ssRsrp = 2147483647 ssRsrq = 2147483647 ssSinr = 2147483647 level = 0 parametersUseForLevel = 0 timingAdvance = 2147483647 },primary=CellSignalStrengthLte} displayInfo=TelephonyDisplayInfo {network=LTE, overrideNetwork=NONE, isRoaming=false}
03-24 00:51:17.663  4789  5441 D OplusFastRecovery: onSignalStrengthsChanged:SignalStrength:{mCdma=CellSignalStrengthCdma: cdmaDbm=2147483647 cdmaEcio=2147483647 evdoDbm=2147483647 evdoEcio=2147483647 evdoSnr=2147483647 level=0,mGsm=CellSignalStrengthGsm: rssi=2147483647 ber=2147483647 mTa=2147483647 mLevel=0,mWcdma=CellSignalStrengthWcdma: ss=2147483647 ber=2147483647 rscp=2147483647 ecno=2147483647 level=0,mTdscdma=CellSignalStrengthTdscdma: rssi=2147483647 ber=2147483647 rscp=2147483647 level=0,mLte=CellSignalStrengthLte: rssi=-51 rsrp=-85 rsrq=-26 rssnr=1 cqiTableIndex=2147483647 cqi=2147483647 ta=2147483647 level=4 parametersUseForLevel=0,mNr=CellSignalStrengthNr:{ csiRsrp = 2147483647 csiRsrq = 2147483647 csiCqiTableIndex = 2147483647 csiCqiReport = [] ssRsrp = 2147483647 ssRsrq = 2147483647 ssSinr = 2147483647 level = 0 parametersUseForLevel = 0 timingAdvance = 2147483647 },primary=CellSignalStrengthLte}
03-24 00:51:17.666  5080  5080 D SystemUi--SystemUi--: StatusBarSignalPolicyExImpl-->simSlotIndex =0,simSlotIndex = 0
03-24 00:51:18.433 13140 13140 D BoundBrokerSvc: onUnbind: Intent { act=com.google.android.gms.onboardingconsent.api.ConsentManagerApiService.START dat=chimera-action:/... cmp=com.google.android.gms/.chimera.GmsApiService }
03-24 00:51:18.589  4789  4927 D AlarmManager: sending alarm.type = 2, action = null, alarm = Alarm{880a3f5 type 2 origWhen 79767685 whenElapsed 79768586 com.android.systemui}, cn = null, operation = null, listener=android.app.IAlarmListener$Stub$Proxy@fb81c2f, listenerTag=KeyguardIndication, workSource=null
03-24 00:51:18.590  1236  1258 I CameraHelper: openCameraAndStartPreview  onCameraBusy
03-24 00:51:18.605  4789  5025 D BiometricSchedulerOperation: [Finished / destroy]: {[211] com.android.server.biometrics.sensors.face.aidl.FaceAuthenticationClient, proto=3, owner=com.android.systemui, cookie=0, requestId=48, userId=0}
03-24 00:51:18.607  4789  6052 V AlarmManager: set(null) : type=2 listener=android.app.IAlarmListener$Stub$Proxy@538a58a listenerTag=KeyguardIndication workSource=null callingPackage=com.android.systemui callingUid=10204 triggerAtTime=79772706 win=0 tElapsed=79773606 maxElapsed=79773606 interval=0 flags=0x9
03-24 00:51:18.609  4789  5025 D BiometricScheduler: [Finishing] {[211] com.android.server.biometrics.sensors.face.aidl.FaceAuthenticationClient, proto=3, owner=com.android.systemui, cookie=0, requestId=48, userId=0}, success: false
03-24 00:51:18.612  5080  5080 D SystemUi--Aod: SelfiesTrigger-->onBiometricRunningStateChanged: running= false
03-24 00:51:18.615  5080  5080 D SystemUi--Keyguard: KeyguardUtils-->getInitialDisplayDensity  density=0
03-24 00:51:18.615  5080  5080 D SystemUi--Keyguard: KeyguardUtils-->fail to read this property, get density form windowManagerService : 320
03-24 00:51:18.631  5080  5080 D SystemUi--Keyguard: KeyguardUtils-->getInitialDisplayDensity  density=0
03-24 00:51:18.631  5080  5080 D SystemUi--Keyguard: KeyguardUtils-->fail to read this property, get density form windowManagerService : 320
03-24 00:51:18.719  1106 14278 D vendor.sprd.hardware.vibrator-service: Starting on on another thread
03-24 00:51:18.780  5080  5080 D SystemUi--Keyguard: KeyguardUtils-->getInitialDisplayDensity  density=0
03-24 00:51:18.781  5080  5080 D SystemUi--Keyguard: KeyguardUtils-->fail to read this property, get density form windowManagerService : 320
03-24 00:51:18.915  1106 14279 D vendor.sprd.hardware.vibrator-service: Starting on on another thread
03-24 00:51:19.018  4789  7215 D AppStartupManager: error happend in shouldPreventStartService:checkStartupLimit
03-24 00:51:19.333 13265 13265 D WM-SystemJobService: 4a251bf3-5e33-49b2-b94b-64e579b75521 executed on JobScheduler
03-24 00:51:19.631  5675  6005 I bt_shim_scanner: system/main/shim/le_scanning_manager.cc:179 Scan: in shim layer stopped
03-24 00:51:19.631  5675  5821 I bluetooth: system/gd/hci/le_scanning_manager.cc:587 scan: scan start:false
03-24 00:51:19.631  5675  5821 I bluetooth: system/gd/hci/le_address_manager.cc:244 unregister_client: Client unregistered
03-24 00:51:19.631  5675  6005 I bt_shim_scanner: system/main/shim/le_scanning_manager.cc:357 SetScanParameters: in shim layer, scannerId=1
03-24 00:51:19.631  5675  6005 I bt_shim_scanner: system/main/shim/le_scanning_manager.cc:179 Scan: in shim layer started
03-24 00:51:19.632  5675  5821 I bluetooth: system/gd/hci/le_scanning_manager.cc:587 scan: scan start:true
03-24 00:51:19.632  5675  5821 I bluetooth: system/gd/hci/le_scanning_manager.cc:639 stop_scan: Scanning already stopped, return!
03-24 00:51:19.632  5675  5821 I bluetooth: system/gd/hci/le_address_manager.cc:229 register_client: Client registered
03-24 00:51:19.667  4789  5441 D OplusFastRecovery: onSignalStrengthsChanged:SignalStrength:{mCdma=CellSignalStrengthCdma: cdmaDbm=2147483647 cdmaEcio=2147483647 evdoDbm=2147483647 evdoEcio=2147483647 evdoSnr=2147483647 level=0,mGsm=CellSignalStrengthGsm: rssi=2147483647 ber=2147483647 mTa=2147483647 mLevel=0,mWcdma=CellSignalStrengthWcdma: ss=2147483647 ber=2147483647 rscp=2147483647 ecno=2147483647 level=0,mTdscdma=CellSignalStrengthTdscdma: rssi=2147483647 ber=2147483647 rscp=2147483647 level=0,mLte=CellSignalStrengthLte: rssi=-51 rsrp=-87 rsrq=-28 rssnr=-14 cqiTableIndex=2147483647 cqi=2147483647 ta=2147483647 level=4 parametersUseForLevel=0,mNr=CellSignalStrengthNr:{ csiRsrp = 2147483647 csiRsrq = 2147483647 csiCqiTableIndex = 2147483647 csiCqiReport = [] ssRsrp = 2147483647 ssRsrq = 2147483647 ssSinr = 2147483647 level = 0 parametersUseForLevel = 0 timingAdvance = 2147483647 },primary=CellSignalStrengthLte}
03-24 00:51:19.667  5080  5125 D MobileSignalController: updateTelephonySignalStrength: hasService=true ss=SignalStrength:{mCdma=CellSignalStrengthCdma: cdmaDbm=2147483647 cdmaEcio=2147483647 evdoDbm=2147483647 evdoEcio=2147483647 evdoSnr=2147483647 level=0,mGsm=CellSignalStrengthGsm: rssi=2147483647 ber=2147483647 mTa=2147483647 mLevel=0,mWcdma=CellSignalStrengthWcdma: ss=2147483647 ber=2147483647 rscp=2147483647 ecno=2147483647 level=0,mTdscdma=CellSignalStrengthTdscdma: rssi=2147483647 ber=2147483647 rscp=2147483647 level=0,mLte=CellSignalStrengthLte: rssi=-51 rsrp=-87 rsrq=-28 rssnr=-14 cqiTableIndex=2147483647 cqi=2147483647 ta=2147483647 level=4 parametersUseForLevel=0,mNr=CellSignalStrengthNr:{ csiRsrp = 2147483647 csiRsrq = 2147483647 csiCqiTableIndex = 2147483647 csiCqiReport = [] ssRsrp = 2147483647 ssRsrq = 2147483647 ssSinr = 2147483647 level = 0 parametersUseForLevel = 0 timingAdvance = 2147483647 },primary=CellSignalStrengthLte} displayInfo=TelephonyDisplayInfo {network=LTE, overrideNetwork=NONE, isRoaming=false}
03-24 00:51:19.675  5080  5080 D SystemUi--SystemUi--: StatusBarSignalPolicyExImpl-->simSlotIndex =0,simSlotIndex = 0
03-24 00:51:20.546  4789  7215 D AppStartupManager: error happend in shouldPreventStartService:checkStartupLimit
03-24 00:51:20.672  4789  5441 D OplusFastRecovery: onSignalStrengthsChanged:SignalStrength:{mCdma=CellSignalStrengthCdma: cdmaDbm=2147483647 cdmaEcio=2147483647 evdoDbm=2147483647 evdoEcio=2147483647 evdoSnr=2147483647 level=0,mGsm=CellSignalStrengthGsm: rssi=2147483647 ber=2147483647 mTa=2147483647 mLevel=0,mWcdma=CellSignalStrengthWcdma: ss=2147483647 ber=2147483647 rscp=2147483647 ecno=2147483647 level=0,mTdscdma=CellSignalStrengthTdscdma: rssi=2147483647 ber=2147483647 rscp=2147483647 level=0,mLte=CellSignalStrengthLte: rssi=-51 rsrp=-90 rsrq=-29 rssnr=-6 cqiTableIndex=2147483647 cqi=2147483647 ta=2147483647 level=4 parametersUseForLevel=0,mNr=CellSignalStrengthNr:{ csiRsrp = 2147483647 csiRsrq = 2147483647 csiCqiTableIndex = 2147483647 csiCqiReport = [] ssRsrp = 2147483647 ssRsrq = 2147483647 ssSinr = 2147483647 level = 0 parametersUseForLevel = 0 timingAdvance = 2147483647 },primary=CellSignalStrengthLte}
03-24 00:51:20.672  5080  5125 D MobileSignalController: updateTelephonySignalStrength: hasService=true ss=SignalStrength:{mCdma=CellSignalStrengthCdma: cdmaDbm=2147483647 cdmaEcio=2147483647 evdoDbm=2147483647 evdoEcio=2147483647 evdoSnr=2147483647 level=0,mGsm=CellSignalStrengthGsm: rssi=2147483647 ber=2147483647 mTa=2147483647 mLevel=0,mWcdma=CellSignalStrengthWcdma: ss=2147483647 ber=2147483647 rscp=2147483647 ecno=2147483647 level=0,mTdscdma=CellSignalStrengthTdscdma: rssi=2147483647 ber=2147483647 rscp=2147483647 level=0,mLte=CellSignalStrengthLte: rssi=-51 rsrp=-90 rsrq=-29 rssnr=-6 cqiTableIndex=2147483647 cqi=2147483647 ta=2147483647 level=4 parametersUseForLevel=0,mNr=CellSignalStrengthNr:{ csiRsrp = 2147483647 csiRsrq = 2147483647 csiCqiTableIndex = 2147483647 csiCqiReport = [] ssRsrp = 2147483647 ssRsrq = 2147483647 ssSinr = 2147483647 level = 0 parametersUseForLevel = 0 timingAdvance = 2147483647 },primary=CellSignalStrengthLte} displayInfo=TelephonyDisplayInfo {network=LTE, overrideNetwork=NONE, isRoaming=false}
03-24 00:51:20.678  5080  5080 D SystemUi--SystemUi--: StatusBarSignalPolicyExImpl-->simSlotIndex =0,simSlotIndex = 0
03-24 00:51:21.216  5514  5514 D BoundBrokerSvc: onUnbind: Intent { act=com.google.android.gms.presencemanager.service.START dat=chimera-action:/... cmp=com.google.android.gms/.chimera.PersistentApiService }
03-24 00:51:21.317  4789  4862 D DisplayPowerController2[0]: convertLinearToGammaFloat animateValue : 0.05 modeData :3277
03-24 00:51:21.390  4789  7215 I android_os_HwBinder: HwBinder: Starting thread pool for getting: vendor.sprd.hardware.thermal@2.0::IExtThermal/default
03-24 00:51:21.401  4789  4789 D TemperatureManagerService: runinAppStartFlag: 0
03-24 00:51:21.675  4789  5441 D OplusFastRecovery: onSignalStrengthsChanged:SignalStrength:{mCdma=CellSignalStrengthCdma: cdmaDbm=2147483647 cdmaEcio=2147483647 evdoDbm=2147483647 evdoEcio=2147483647 evdoSnr=2147483647 level=0,mGsm=CellSignalStrengthGsm: rssi=2147483647 ber=2147483647 mTa=2147483647 mLevel=0,mWcdma=CellSignalStrengthWcdma: ss=2147483647 ber=2147483647 rscp=2147483647 ecno=2147483647 level=0,mTdscdma=CellSignalStrengthTdscdma: rssi=2147483647 ber=2147483647 rscp=2147483647 level=0,mLte=CellSignalStrengthLte: rssi=-51 rsrp=-90 rsrq=-30 rssnr=-6 cqiTableIndex=2147483647 cqi=2147483647 ta=2147483647 level=4 parametersUseForLevel=0,mNr=CellSignalStrengthNr:{ csiRsrp = 2147483647 csiRsrq = 2147483647 csiCqiTableIndex = 2147483647 csiCqiReport = [] ssRsrp = 2147483647 ssRsrq = 2147483647 ssSinr = 2147483647 level = 0 parametersUseForLevel = 0 timingAdvance = 2147483647 },primary=CellSignalStrengthLte}
03-24 00:51:21.675  5080  5125 D MobileSignalController: updateTelephonySignalStrength: hasService=true ss=SignalStrength:{mCdma=CellSignalStrengthCdma: cdmaDbm=2147483647 cdmaEcio=2147483647 evdoDbm=2147483647 evdoEcio=2147483647 evdoSnr=2147483647 level=0,mGsm=CellSignalStrengthGsm: rssi=2147483647 ber=2147483647 mTa=2147483647 mLevel=0,mWcdma=CellSignalStrengthWcdma: ss=2147483647 ber=2147483647 rscp=2147483647 ecno=2147483647 level=0,mTdscdma=CellSignalStrengthTdscdma: rssi=2147483647 ber=2147483647 rscp=2147483647 level=0,mLte=CellSignalStrengthLte: rssi=-51 rsrp=-90 rsrq=-30 rssnr=-6 cqiTableIndex=2147483647 cqi=2147483647 ta=2147483647 level=4 parametersUseForLevel=0,mNr=CellSignalStrengthNr:{ csiRsrp = 2147483647 csiRsrq = 2147483647 csiCqiTableIndex = 2147483647 csiCqiReport = [] ssRsrp = 2147483647 ssRsrq = 2147483647 ssSinr = 2147483647 level = 0 parametersUseForLevel = 0 timingAdvance = 2147483647 },primary=CellSignalStrengthLte} displayInfo=TelephonyDisplayInfo {network=LTE, overrideNetwork=NONE, isRoaming=false}
03-24 00:51:21.683  5080  5080 D SystemUi--SystemUi--: StatusBarSignalPolicyExImpl-->simSlotIndex =0,simSlotIndex = 0
03-24 00:51:21.989  4789  5102 D AppStartupManager: error happend in shouldPreventStartService:checkStartupLimit
03-24 00:51:21.992  5514  5514 D BoundBrokerSvc: onRebind: Intent { act=com.google.android.gms.time.trustedtime.service.START dat=chimera-action:/... cmp=com.google.android.gms/.chimera.PersistentDirectBootAwareApiService }
03-24 00:51:22.007  4789  7215 D AppStartupManager: error happend in shouldPreventStartService:checkStartupLimit
03-24 00:51:22.010  5514  5514 D BoundBrokerSvc: onBind: Intent { act=com.google.android.gms.time.trustedtime.singleuserapi.service.START dat=chimera-action:/... cmp=com.google.android.gms/.chimera.PersistentSingleUserInternalApiService }
03-24 00:51:22.010  5514  5514 D BoundBrokerSvc: Loading bound service for intent: Intent { act=com.google.android.gms.time.trustedtime.singleuserapi.service.START dat=chimera-action:/... cmp=com.google.android.gms/.chimera.PersistentSingleUserInternalApiService }
03-24 00:51:22.025  4789  5102 D AppStartupManager: error happend in shouldPreventStartService:checkStartupLimit
03-24 00:51:22.028  5514  5514 D BoundBrokerSvc: onRebind: Intent { act=com.google.android.gms.common.telemetry.service.START dat=chimera-action:/... cmp=com.google.android.gms/.chimera.PersistentApiService }
03-24 00:51:22.071  4789  7215 D AppStartupManager: error happend in shouldPreventStartService:checkStartupLimit
03-24 00:51:22.127  5080  5125 D MobileSignalController: updateTelephonySignalStrength: hasService=true ss=SignalStrength:{mCdma=CellSignalStrengthCdma: cdmaDbm=2147483647 cdmaEcio=2147483647 evdoDbm=2147483647 evdoEcio=2147483647 evdoSnr=2147483647 level=0,mGsm=CellSignalStrengthGsm: rssi=2147483647 ber=2147483647 mTa=2147483647 mLevel=0,mWcdma=CellSignalStrengthWcdma: ss=2147483647 ber=2147483647 rscp=2147483647 ecno=2147483647 level=0,mTdscdma=CellSignalStrengthTdscdma: rssi=2147483647 ber=2147483647 rscp=2147483647 level=0,mLte=CellSignalStrengthLte: rssi=-51 rsrp=-90 rsrq=-30 rssnr=-6 cqiTableIndex=2147483647 cqi=2147483647 ta=2147483647 level=4 parametersUseForLevel=0,mNr=CellSignalStrengthNr:{ csiRsrp = 2147483647 csiRsrq = 2147483647 csiCqiTableIndex = 2147483647 csiCqiReport = [] ssRsrp = 2147483647 ssRsrq = 2147483647 ssSinr = 2147483647 level = 0 parametersUseForLevel = 0 timingAdvance = 2147483647 },primary=CellSignalStrengthLte} displayInfo=TelephonyDisplayInfo {network=LTE, overrideNetwork=NONE, isRoaming=false}
03-24 00:51:22.132  5080  5080 D SystemUi--SystemUi--: StatusBarSignalPolicyExImpl-->simSlotIndex =0,simSlotIndex = 0
03-24 00:51:22.138  4789  4806 W ContextImpl: Calling a method in the system process without a qualified user: android.app.ContextImpl.sendBroadcastMultiplePermissions:1299 android.content.Context.sendBroadcastMultiplePermissions:2522 com.android.server.TelephonyRegistry.broadcastServiceStateChanged:3697 com.android.server.TelephonyRegistry.notifyServiceStateForPhoneId:1759 com.android.internal.telephony.ITelephonyRegistry$Stub.onTransact:546 
03-24 00:51:22.140  4789  4806 W ContextImpl: Calling a method in the system process without a qualified user: android.app.ContextImpl.sendBroadcastMultiplePermissions:1332 com.android.server.TelephonyRegistry.broadcastServiceStateChanged:3702 com.android.server.TelephonyRegistry.notifyServiceStateForPhoneId:1759 com.android.internal.telephony.ITelephonyRegistry$Stub.onTransact:546 android.os.Binder.execTransactInternal:1505 
03-24 00:51:22.142  4789  4806 W ContextImpl: Calling a method in the system process without a qualified user: android.app.ContextImpl.sendBroadcastMultiplePermissions:1332 com.android.server.TelephonyRegistry.broadcastServiceStateChanged:3711 com.android.server.TelephonyRegistry.notifyServiceStateForPhoneId:1759 com.android.internal.telephony.ITelephonyRegistry$Stub.onTransact:546 android.os.Binder.execTransactInternal:1505 
03-24 00:51:22.144  4789  4806 W ContextImpl: Calling a method in the system process without a qualified user: android.app.ContextImpl.sendBroadcastMultiplePermissions:1332 com.android.server.TelephonyRegistry.broadcastServiceStateChanged:3717 com.android.server.TelephonyRegistry.notifyServiceStateForPhoneId:1759 com.android.internal.telephony.ITelephonyRegistry$Stub.onTransact:546 android.os.Binder.execTransactInternal:1505 
03-24 00:51:22.149  4789  4842 V GrammaticalInflectionUtils: AttributionSource: android.content.AttributionSource@cf19cc8b does not have READ_SYSTEM_GRAMMATICAL_GENDER permission.
03-24 00:51:22.163  5080  5080 D SystemUi--Keyguard: KeyguardUtils-->getInitialDisplayDensity  density=0
03-24 00:51:22.164  5080  5080 D SystemUi--Keyguard: KeyguardUtils-->fail to read this property, get density form windowManagerService : 320
03-24 00:51:22.166  4789  4843 I ActivityManager: Start proc 14283:com.google.android.cellbroadcastreceiver/u0a240 for broadcast {com.google.android.cellbroadcastreceiver/com.android.cellbroadcastreceiver.CellBroadcastReceiver}
03-24 00:51:22.175  5080  5080 D SystemUi--SystemUi--: StatusBarSignalPolicyExImpl-->simSlotIndex =0,simSlotIndex = 0
03-24 00:51:22.177  5080  5080 D SystemUi--SystemUi--: StatusBarSignalPolicyExImpl-->simSlotIndex =0,simSlotIndex = 0
03-24 00:51:22.246 14283 14283 D ApplicationLoaders: Returning zygote-cached class loader: /system_ext/framework/androidx.window.extensions.jar
03-24 00:51:22.246 14283 14283 D ApplicationLoaders: Returning zygote-cached class loader: /system_ext/framework/androidx.window.sidecar.jar
03-24 00:51:22.277 14283 14283 D nativeloader: Configuring clns-shared-7 for other apk /apex/com.android.cellbroadcast/priv-app/GoogleCellBroadcastApp@361418000/GoogleCellBroadcastApp.apk. target_sdk_version=36, uses_libraries=, library_path=/apex/com.android.cellbroadcast/priv-app/GoogleCellBroadcastApp@361418000/lib/arm64:/system/lib64:/system_ext/lib64, permitted_path=/data:/mnt/expand:/data/user_de/0/com.google.android.cellbroadcastreceiver:/apex/com.android.cellbroadcast/priv-app/GoogleCellBroadcastApp@361418000:/system/lib64:/system_ext/lib64
03-24 00:51:22.283 14283 14283 D nativeloader:   com_android_art: libartservice.so
03-24 00:51:22.297  5080  5080 D SystemUi--Keyguard: KeyguardUtils-->getInitialDisplayDensity  density=0
03-24 00:51:22.298  5080  5080 D SystemUi--Keyguard: KeyguardUtils-->fail to read this property, get density form windowManagerService : 320
03-24 00:51:22.676  5080  5125 D MobileSignalController: updateTelephonySignalStrength: hasService=true ss=SignalStrength:{mCdma=CellSignalStrengthCdma: cdmaDbm=2147483647 cdmaEcio=2147483647 evdoDbm=2147483647 evdoEcio=2147483647 evdoSnr=2147483647 level=0,mGsm=CellSignalStrengthGsm: rssi=2147483647 ber=2147483647 mTa=2147483647 mLevel=0,mWcdma=CellSignalStrengthWcdma: ss=2147483647 ber=2147483647 rscp=2147483647 ecno=2147483647 level=0,mTdscdma=CellSignalStrengthTdscdma: rssi=2147483647 ber=2147483647 rscp=2147483647 level=0,mLte=CellSignalStrengthLte: rssi=-51 rsrp=-82 rsrq=-24 rssnr=-2 cqiTableIndex=2147483647 cqi=2147483647 ta=2147483647 level=4 parametersUseForLevel=0,mNr=CellSignalStrengthNr:{ csiRsrp = 2147483647 csiRsrq = 2147483647 csiCqiTableIndex = 2147483647 csiCqiReport = [] ssRsrp = 2147483647 ssRsrq = 2147483647 ssSinr = 2147483647 level = 0 parametersUseForLevel = 0 timingAdvance = 2147483647 },primary=CellSignalStrengthLte} displayInfo=TelephonyDisplayInfo {network=LTE, overrideNetwork=NONE, isRoaming=false}
03-24 00:51:22.677  4789  5441 D OplusFastRecovery: onSignalStrengthsChanged:SignalStrength:{mCdma=CellSignalStrengthCdma: cdmaDbm=2147483647 cdmaEcio=2147483647 evdoDbm=2147483647 evdoEcio=2147483647 evdoSnr=2147483647 level=0,mGsm=CellSignalStrengthGsm: rssi=2147483647 ber=2147483647 mTa=2147483647 mLevel=0,mWcdma=CellSignalStrengthWcdma: ss=2147483647 ber=2147483647 rscp=2147483647 ecno=2147483647 level=0,mTdscdma=CellSignalStrengthTdscdma: rssi=2147483647 ber=2147483647 rscp=2147483647 level=0,mLte=CellSignalStrengthLte: rssi=-51 rsrp=-82 rsrq=-24 rssnr=-2 cqiTableIndex=2147483647 cqi=2147483647 ta=2147483647 level=4 parametersUseForLevel=0,mNr=CellSignalStrengthNr:{ csiRsrp = 2147483647 csiRsrq = 2147483647 csiCqiTableIndex = 2147483647 csiCqiReport = [] ssRsrp = 2147483647 ssRsrq = 2147483647 ssSinr = 2147483647 level = 0 parametersUseForLevel = 0 timingAdvance = 2147483647 },primary=CellSignalStrengthLte}
03-24 00:51:22.682  5080  5080 D SystemUi--SystemUi--: StatusBarSignalPolicyExImpl-->simSlotIndex =0,simSlotIndex = 0
03-24 00:51:22.798  5080  5667 I PluginSeedling--Base: SeedlingPluginService-->onStateChange: Bundle[{pkgName=android.uid.system:1000, pid=10065, uid=1000, state=onProcessDied}]
03-24 00:51:22.798  5080  5667 D StateMonitor: isCapsuleProcessStateChanged. state:Bundle[{pkgName=android.uid.system:1000, pid=10065, uid=1000, state=onProcessDied}]
03-24 00:51:22.798  5080  5667 D PluginSeedling--Engine: NoUMSStatusBarDataManager-->removeCardForProcessDied: android.uid.system:1000
03-24 00:51:23.597  4789  5101 D AppStartupManager: error happend in shouldPreventStartService:checkStartupLimit
03-24 00:51:23.609  4789  4927 D AlarmManager: sending alarm.type = 2, action = null, alarm = Alarm{9879f8f type 2 origWhen 79772706 whenElapsed 79773606 com.android.systemui}, cn = null, operation = null, listener=android.app.IAlarmListener$Stub$Proxy@538a58a, listenerTag=KeyguardIndication, workSource=null
03-24 00:51:24.356 13265 13312 E msys    : E[N WA]_WAJMNSStreamImplCreateConnectionReport(194)=>[LogLevel:I] WAJMNSStream/impl/report port=5222, connectedIPVersion=4, resolvedIPAddressCount=1, dnsResolutionStartTimeMS=61418736, dnsResolutionEndTimeMS=61418736, dnsCacheHit=Yes, connectStartTimeMS=61418736, connectEndTimeMS=61421887, proxyConnectStartTimeMS=0, proxyConnectEndTimeMS=0
03-24 00:51:24.653 13140 13140 D BoundBrokerSvc: onUnbind: Intent { act=com.google.android.gms.measurement.START pkg=com.google.android.gms }
03-24 00:51:25.123  4789  7473 D AppStartupManager: error happend in shouldPreventStartService:checkStartupLimit
03-24 00:51:25.474   579 14249 I keystore2: system/security/keystore2/watchdog/src/lib.rs:319 - Watchdog thread idle -> terminating. Have a great day.
03-24 00:51:26.647  4789  7473 D AppStartupManager: error happend in shouldPreventStartService:checkStartupLimit
03-24 00:51:27.041  5514  5514 D BoundBrokerSvc: onUnbind: Intent { act=com.google.android.gms.common.telemetry.service.START dat=chimera-action:/... cmp=com.google.android.gms/.chimera.PersistentApiService }
03-24 00:51:27.280  4789  4806 I android_os_HwBinder: HwBinder: Starting thread pool for getting: vendor.sprd.hardware.thermal@2.0::IExtThermal/default
03-24 00:51:27.292  4789  4789 D TemperatureManagerService: runinAppStartFlag: 0
03-24 00:51:27.508  4789  5441 D OplusFastRecovery: onSignalStrengthsChanged:SignalStrength:{mCdma=CellSignalStrengthCdma: cdmaDbm=2147483647 cdmaEcio=2147483647 evdoDbm=2147483647 evdoEcio=2147483647 evdoSnr=2147483647 level=0,mGsm=CellSignalStrengthGsm: rssi=2147483647 ber=2147483647 mTa=2147483647 mLevel=0,mWcdma=CellSignalStrengthWcdma: ss=2147483647 ber=2147483647 rscp=2147483647 ecno=2147483647 level=0,mTdscdma=CellSignalStrengthTdscdma: rssi=2147483647 ber=2147483647 rscp=2147483647 level=0,mLte=CellSignalStrengthLte: rssi=-51 rsrp=-83 rsrq=-26 rssnr=-10 cqiTableIndex=2147483647 cqi=2147483647 ta=2147483647 level=4 parametersUseForLevel=0,mNr=CellSignalStrengthNr:{ csiRsrp = 2147483647 csiRsrq = 2147483647 csiCqiTableIndex = 2147483647 csiCqiReport = [] ssRsrp = 2147483647 ssRsrq = 2147483647 ssSinr = 2147483647 level = 0 parametersUseForLevel = 0 timingAdvance = 2147483647 },primary=CellSignalStrengthLte}
03-24 00:51:27.508  5080  5125 D MobileSignalController: updateTelephonySignalStrength: hasService=true ss=SignalStrength:{mCdma=CellSignalStrengthCdma: cdmaDbm=2147483647 cdmaEcio=2147483647 evdoDbm=2147483647 evdoEcio=2147483647 evdoSnr=2147483647 level=0,mGsm=CellSignalStrengthGsm: rssi=2147483647 ber=2147483647 mTa=2147483647 mLevel=0,mWcdma=CellSignalStrengthWcdma: ss=2147483647 ber=2147483647 rscp=2147483647 ecno=2147483647 level=0,mTdscdma=CellSignalStrengthTdscdma: rssi=2147483647 ber=2147483647 rscp=2147483647 level=0,mLte=CellSignalStrengthLte: rssi=-51 rsrp=-83 rsrq=-26 rssnr=-10 cqiTableIndex=2147483647 cqi=2147483647 ta=2147483647 level=4 parametersUseForLevel=0,mNr=CellSignalStrengthNr:{ csiRsrp = 2147483647 csiRsrq = 2147483647 csiCqiTableIndex = 2147483647 csiCqiReport = [] ssRsrp = 2147483647 ssRsrq = 2147483647 ssSinr = 2147483647 level = 0 parametersUseForLevel = 0 timingAdvance = 2147483647 },primary=CellSignalStrengthLte} displayInfo=TelephonyDisplayInfo {network=LTE, overrideNetwork=NONE, isRoaming=false}
03-24 00:51:27.513  5080  5080 D SystemUi--SystemUi--: StatusBarSignalPolicyExImpl-->simSlotIndex =0,simSlotIndex = 0
03-24 00:51:28.174  4789  7473 D AppStartupManager: error happend in shouldPreventStartService:checkStartupLimit
03-24 00:51:28.423  5514  5514 D BoundBrokerSvc: onUnbind: Intent { act=com.google.android.gms.findmydevice.spot.service.locationreport.START dat=chimera-action:/... cmp=com.google.android.gms/.chimera.PersistentApiService }
