03-24 00:51:10.644  4789  5441 D OplusFastRecovery: onSignalStrengthsChanged:SignalStrength:{mCdma=CellSignalStrengthCdma: cdmaDbm=2147483647 cdmaEcio=2147483647 evdoDbm=2147483647 evdoEcio=2147483647 evdoSnr=2147483647 level=0,mGsm=CellSignalStrengthGsm: rssi=2147483647 ber=2147483647 mTa=2147483647 mLevel=0,mWcdma=CellSignalStrengthWcdma: ss=2147483647 ber=2147483647 rscp=2147483647 ecno=2147483647 level=0,mTdscdma=CellSignalStrengthTdscdma: rssi=2147483647 ber=2147483647 rscp=2147483647 level=0,mLte=CellSignalStrengthLte: rssi=-51 rsrp=-93 rsrq=-28 rssnr=-9 cqiTableIndex=2147483647 cqi=2147483647 ta=2147483647 level=4 parametersUseForLevel=0,mNr=CellSignalStrengthNr:{ csiRsrp = 2147483647 csiRsrq = 2147483647 csiCqiTableIndex = 2147483647 csiCqiReport = [] ssRsrp = 2147483647 ssRsrq = 2147483647 ssSinr = 2147483647 level = 0 parametersUseForLevel = 0 timingAdvance = 2147483647 },primary=CellSignalStrengthLte}
03-24 00:51:10.644  5080  5125 D MobileSignalController: updateTelephonySignalStrength: hasService=true ss=SignalStrength:{mCdma=CellSignalStrengthCdma: cdmaDbm=2147483647 cdmaEcio=2147483647 evdoDbm=2147483647 evdoEcio=2147483647 evdoSnr=2147483647 level=0,mGsm=CellSignalStrengthGsm: rssi=2147483647 ber=2147483647 mTa=2147483647 mLevel=0,mWcdma=CellSignalStrengthWcdma: ss=2147483647 ber=2147483647 rscp=2147483647 ecno=2147483647 level=0,mTdscdma=CellSignalStrengthTdscdma: rssi=2147483647 ber=2147483647 rscp=2147483647 level=0,mLte=CellSignalStrengthLte: rssi=-51 rsrp=-93 rsrq=-28 rssnr=-9 cqiTableIndex=2147483647 cqi=2147483647 ta=2147483647 level=4 parametersUseForLevel=0,mNr=CellSignalStrengthNr:{ csiRsrp = 2147483647 csiRsrq = 2147483647 csiCqiTableIndex = 2147483647 csiCqiReport = [] ssRsrp = 2147483647 ssRsrq = 2147483647 ssSinr = 2147483647 level = 0 parametersUseForLevel = 0 timingAdvance = 2147483647 },primary=CellSignalStrengthLte} displayInfo=TelephonyDisplayInfo {network=LTE, overrideNetwork=NONE, isRoaming=false}
03-24 00:51:10.652  5080  5080 D SystemUi--SystemUi--: StatusBarSignalPolicyExImpl-->simSlotIndex =0,simSlotIndex = 0
03-24 00:51:11.209  5514  5514 D BoundBrokerSvc: onUnbind: Intent { act=com.google.android.gms.common.telemetry.service.START dat=chimera-action:/... cmp=com.google.android.gms/.chimera.PersistentApiService }
03-24 00:51:11.435  4789  6052 D AppStartupManager: error happend in shouldPreventStartService:checkStartupLimit
03-24 00:51:11.648  4789  5441 D OplusFastRecovery: onSignalStrengthsChanged:SignalStrength:{mCdma=CellSignalStrengthCdma: cdmaDbm=2147483647 cdmaEcio=2147483647 evdoDbm=2147483647 evdoEcio=2147483647 evdoSnr=2147483647 level=0,mGsm=CellSignalStrengthGsm: rssi=2147483647 ber=2147483647 mTa=2147483647 mLevel=0,mWcdma=CellSignalStrengthWcdma: ss=2147483647 ber=2147483647 rscp=2147483647 ecno=2147483647 level=0,mTdscdma=CellSignalStrengthTdscdma: rssi=2147483647 ber=2147483647 rscp=2147483647 level=0,mLte=CellSignalStrengthLte: rssi=-51 rsrp=-94 rsrq=-28 rssnr=-9 cqiTableIndex=2147483647 cqi=2147483647 ta=2147483647 level=4 parametersUseForLevel=0,mNr=CellSignalStrengthNr:{ csiRsrp = 2147483647 csiRsrq = 2147483647 csiCqiTableIndex = 2147483647 csiCqiReport = [] ssRsrp = 2147483647 ssRsrq = 2147483647 ssSinr = 2147483647 level = 0 parametersUseForLevel = 0 timingAdvance = 2147483647 },primary=CellSignalStrengthLte}
03-24 00:51:11.648  5080  5125 D MobileSignalController: updateTelephonySignalStrength: hasService=true ss=SignalStrength:{mCdma=CellSignalStrengthCdma: cdmaDbm=2147483647 cdmaEcio=2147483647 evdoDbm=2147483647 evdoEcio=2147483647 evdoSnr=2147483647 level=0,mGsm=CellSignalStrengthGsm: rssi=2147483647 ber=2147483647 mTa=2147483647 mLevel=0,mWcdma=CellSignalStrengthWcdma: ss=2147483647 ber=2147483647 rscp=2147483647 ecno=2147483647 level=0,mTdscdma=CellSignalStrengthTdscdma: rssi=2147483647 ber=2147483647 rscp=2147483647 level=0,mLte=CellSignalStrengthLte: rssi=-51 rsrp=-94 rsrq=-28 rssnr=-9 cqiTableIndex=2147483647 cqi=2147483647 ta=2147483647 level=4 parametersUseForLevel=0,mNr=CellSignalStrengthNr:{ csiRsrp = 2147483647 csiRsrq = 2147483647 csiCqiTableIndex = 2147483647 csiCqiReport = [] ssRsrp = 2147483647 ssRsrq = 2147483647 ssSinr = 2147483647 level = 0 parametersUseForLevel = 0 timingAdvance = 2147483647 },primary=CellSignalStrengthLte} displayInfo=TelephonyDisplayInfo {network=LTE, overrideNetwork=NONE, isRoaming=false}
03-24 00:51:11.655  5080  5080 D SystemUi--SystemUi--: StatusBarSignalPolicyExImpl-->simSlotIndex =0,simSlotIndex = 0
03-24 00:51:12.652  4789  5441 D OplusFastRecovery: onSignalStrengthsChanged:SignalStrength:{mCdma=CellSignalStrengthCdma: cdmaDbm=2147483647 cdmaEcio=2147483647 evdoDbm=2147483647 evdoEcio=2147483647 evdoSnr=2147483647 level=0,mGsm=CellSignalStrengthGsm: rssi=2147483647 ber=2147483647 mTa=2147483647 mLevel=0,mWcdma=CellSignalStrengthWcdma: ss=2147483647 ber=2147483647 rscp=2147483647 ecno=2147483647 level=0,mTdscdma=CellSignalStrengthTdscdma: rssi=2147483647 ber=2147483647 rscp=2147483647 level=0,mLte=CellSignalStrengthLte: rssi=-51 rsrp=-95 rsrq=-28 rssnr=-5 cqiTableIndex=2147483647 cqi=2147483647 ta=2147483647 level=4 parametersUseForLevel=0,mNr=CellSignalStrengthNr:{ csiRsrp = 2147483647 csiRsrq = 2147483647 csiCqiTableIndex = 2147483647 csiCqiReport = [] ssRsrp = 2147483647 ssRsrq = 2147483647 ssSinr = 2147483647 level = 0 parametersUseForLevel = 0 timingAdvance = 2147483647 },primary=CellSignalStrengthLte}
03-24 00:51:12.653  5080  5125 D MobileSignalController: updateTelephonySignalStrength: hasService=true ss=SignalStrength:{mCdma=CellSignalStrengthCdma: cdmaDbm=2147483647 cdmaEcio=2147483647 evdoDbm=2147483647 evdoEcio=2147483647 evdoSnr=2147483647 level=0,mGsm=CellSignalStrengthGsm: rssi=2147483647 ber=2147483647 mTa=2147483647 mLevel=0,mWcdma=CellSignalStrengthWcdma: ss=2147483647 ber=2147483647 rscp=2147483647 ecno=2147483647 level=0,mTdscdma=CellSignalStrengthTdscdma: rssi=2147483647 ber=2147483647 rscp=2147483647 level=0,mLte=CellSignalStrengthLte: rssi=-51 rsrp=-95 rsrq=-28 rssnr=-5 cqiTableIndex=2147483647 cqi=2147483647 ta=2147483647 level=4 parametersUseForLevel=0,mNr=CellSignalStrengthNr:{ csiRsrp = 2147483647 csiRsrq = 2147483647 csiCqiTableIndex = 2147483647 csiCqiReport = [] ssRsrp = 2147483647 ssRsrq = 2147483647 ssSinr = 2147483647 level = 0 parametersUseForLevel = 0 timingAdvance = 2147483647 },primary=CellSignalStrengthLte} displayInfo=TelephonyDisplayInfo {network=LTE, overrideNetwork=NONE, isRoaming=false}
03-24 00:51:12.660  5080  5080 D SystemUi--SystemUi--: StatusBarSignalPolicyExImpl-->simSlotIndex =0,simSlotIndex = 0
03-24 00:51:12.955  4789  5103 D AppStartupManager: error happend in shouldPreventStartService:checkStartupLimit
03-24 00:51:13.236  4789  5336 D UniActivityManagerServiceExt: setVipSchedForProc processName: android.systemui,enable: true, procBoostType:4
03-24 00:51:13.236  4789  5336 I UFwAppResCtl: add vip sched proc for android.systemui
03-24 00:51:13.320  4789  4936 D WindowManager: The getTopActivityName is com.example.wantuch.MainActivity
03-24 00:51:13.321  4789  4936 W WindowManager: android.provider.Settings$SettingNotFoundException: is_mark_status
03-24 00:51:13.321  4789  4936 W WindowManager: 	at android.provider.Settings$System.getIntForUser(Settings.java:4411)
03-24 00:51:13.321  4789  4936 W WindowManager: 	at android.provider.Settings$System.getInt(Settings.java:4401)
03-24 00:51:13.325  1085  1085 D PowerHAL: Enter common_set: enable:1, duration: 500, /sys/devices/system/cpu/cpufreq/policy0/scaling_min_freq: max
03-24 00:51:13.325  1085  1085 D PowerHAL: Enter common_set: enable:1, duration: 500, /sys/devices/system/cpu/cpufreq/policy0/scaling_max_freq: max
03-24 00:51:13.327  5080  5080 D KeyguardViewMediator: KeyguardViewMediator queue processing message: NOTIFY_STARTED_WAKING_UP
03-24 00:51:13.336  4789  4789 E ActivityManager: Sending non-protected broadcast oplus.intent.action.SCREEN_ON from system uid 1000 pkg null
03-24 00:51:13.336  4789  4789 E ActivityManager: 	at com.android.server.am.ActivityManagerService.checkBroadcastFromSystem(ActivityManagerService.java:15795)
03-24 00:51:13.336  4789  4789 E ActivityManager: 	at com.android.server.SystemServer.run(SystemServer.java:1054)
03-24 00:51:13.336  4789  4789 E ActivityManager: 	at com.android.server.SystemServer.main(SystemServer.java:713)
03-24 00:51:13.336  4789  4862 D DisplayPowerController2[0]: convertLinearToGammaFloat animateValue : 0.8145517 modeData :53382
03-24 00:51:13.341  4789  4862 D DisplayPowerController2[0]: convertLinearToGammaFloat animateValue : 0.8145517 modeData :53382
03-24 00:51:13.343  1085  1085 D PowerHAL: Enter common_set: enable:1, duration: 500, /sys/devices/system/cpu/cpufreq/policy0/scaling_min_freq: 1820000
03-24 00:51:13.343  1085  1085 D PowerHAL: Enter common_set: enable:1, duration: 500, /sys/devices/system/cpu/cpufreq/policy0/scaling_max_freq: 1820000
03-24 00:51:13.343  1085  1085 D PowerHAL: Enter common_set: enable:1, duration: 500, /sys/devices/system/cpu/cpufreq/policy6/scaling_min_freq: 2028000
03-24 00:51:13.343  1085  1085 D PowerHAL: Enter common_set: enable:1, duration: 500, /sys/devices/system/cpu/cpufreq/policy6/scaling_max_freq: 2028000
03-24 00:51:13.344  5080  5080 I SystemUi--Statusbar: CollapsedStatusBarFragmentExImpl-->StatusBarVisibilityModelEx: StatusBarVisibilityModelEx(showClock: false showPromptView:false showOngoingCallChip:false showNotificationContainer:false showOperatorName:false showSeedlingContainer:false ), animate: false
03-24 00:51:13.345  5080  5080 I SystemUi--Statusbar: CollapsedStatusBarFragmentExImpl-->StatusBarVisibilityModelEx: StatusBarVisibilityModelEx(showClock: false showPromptView:false showOngoingCallChip:false showNotificationContainer:false showOperatorName:false showSeedlingContainer:false ), animate: false
03-24 00:51:13.346  1085  1085 D PowerHAL: Enter common_set: enable:0, duration: 0, /sys/devices/system/cpu/cpufreq/policy6/scaling_max_freq: max
03-24 00:51:13.346  1085  1085 D PowerHAL: Enter common_set: enable:0, duration: 0, /sys/devices/system/cpu/cpufreq/policy6/uscfreq/freq_margin: 0
03-24 00:51:13.346  1085  1085 D PowerHAL: Enter common_set: enable:0, duration: 0, /sys/devices/system/cpu/cpufreq/policy0/freqlink/enable: 0
03-24 00:51:13.346  1085  1085 D PowerHAL: Enter common_set: enable:0, duration: 0, /sys/devices/system/cpu/cpufreq/policy6/freqlink/enable: 0
03-24 00:51:13.347  5257  6575 D [N3AM-JNI]: update_uart_state sizeof priv_cmd:16
03-24 00:51:13.347  5257  6575 D [N3AM-JNI]: update_uart_state sizeof priv_cmd.buf:8
03-24 00:51:13.347  5257  6575 D [N3AM-JNI]: update_uart_state 0
03-24 00:51:13.358  5080  5080 D SystemUi--Notification: NotificationCommHelper-->updateLastGoKeyguardTime showing=true,lastKeyguardShowing=true
03-24 00:51:13.358  5080  5080 D SystemUi--Keyguard: KeyguardUtils-->getInitialDisplayDensity  density=0
03-24 00:51:13.360  5080  5770 D SystemUi--Aod: AODDisplayUtil-->onScreenStateChanged ON
03-24 00:51:13.366  5514  6523 I NearbyDiscovery: (REDACTED) ApFastPairScanner: eventType=%s, intReq=%s, scanning=%s, scanAllowed=%s, bleEnabled=%s, lockScanRate=%s, startScanningByLowPowerMode=%s
03-24 00:51:13.367  5080  5080 D SystemUi--Keyguard: KeyguardUtils-->fail to read this property, get density form windowManagerService : 320
03-24 00:51:13.367  5080  5080 D SystemUi--Statusbar: StatusBarMobileViewExImpl-->onDarkChanged
03-24 00:51:13.378  5080  5175 D FromDozingTransitionInteractor: startTransitionTo: fromState: DOZING, toState: LOCKSCREEN
03-24 00:51:13.378  4789  6063 D AppStartupManager: error happend in shouldPreventStartService:checkStartupLimit
03-24 00:51:13.381  5080  5080 I SystemUi--Statusbar: CollapsedStatusBarFragmentExImpl-->StatusBarVisibilityModelEx: StatusBarVisibilityModelEx(showClock: false showPromptView:false showOngoingCallChip:false showNotificationContainer:false showOperatorName:false showSeedlingContainer:false ), animate: false
03-24 00:51:13.383  5080  5080 D SystemUi--Aod: SmoothTransitionController-->onStartedWakingUp
03-24 00:51:13.383  5080  5080 D SystemUi--Aod: SmoothTransitionController-->ignore StartedWakingUp, mPowerBlock:false, isScreenON:false
03-24 00:51:13.383  5514  5514 D BoundBrokerSvc: onRebind: Intent { act=com.google.android.gms.findmydevice.spot.service.locationreport.START dat=chimera-action:/... cmp=com.google.android.gms/.chimera.PersistentApiService }
03-24 00:51:13.384  5080  5639 I SystemUi--Keyguard: OplusBlackScreenGestureControllExImpl-->onStartedWakingUp
03-24 00:51:13.384  1085  1085 D PowerHAL: Enter common_set: enable:1, duration: 0, /sys/devices/system/cpu/cpufreq/policy0/scaling_max_freq: max
03-24 00:51:13.384  5080  5639 I SystemUi--Keyguard: OplusBlackScreenGestureControllExImpl-->requestGestureMode: mode=134 oldMode=134 reason=onScreenOn
03-24 00:51:13.384  1085  1085 D PowerHAL: Enter common_set: enable:1, duration: 0, /sys/devices/system/cpu/cpufreq/policy6/scaling_min_freq: max
03-24 00:51:13.384  1085  1085 D PowerHAL: Enter common_set: enable:1, duration: 0, /sys/devices/system/cpu/cpufreq/policy0/scaling_min_freq: max
03-24 00:51:13.384  5080  5639 I SystemUi--Keyguard: OplusBlackScreenGestureControllExImpl-->MSG_CHECK_GESTURE_ENABLE:  mHasFeatureGestureProximity=false mScreenOffGestureRegistered=true mIsGestureSwitchOn=true
03-24 00:51:13.384  5080  5639 I SystemUi--Keyguard: OplusBlackScreenGestureControllExImpl-->unregisterSensor mIsRegisterSensor=true
03-24 00:51:13.384  1085  1085 D PowerHAL: Enter common_set: enable:1, duration: 0, /sys/devices/system/cpu/cpufreq/policy6/scaling_max_freq: max
03-24 00:51:13.384  5080  5639 D SensorManager: unregisterListenerImpl sensor = null, listener = com.oplus.systemui.keyguard.gesture.OplusBlackScreenGestureControllExImpl$initInConstructor$2@848cd05
03-24 00:51:13.390  4789  4842 D BroadcastQueue: Skip update running list, mRunnableHead=BroadcastProcessQueue{2ce77c1 5952:com.oplus.gesture/u0a213} Max running broadcast queue size is 5 current is 4 usedExtra is 1
03-24 00:51:13.391  4789  4842 D BroadcastQueue: Skip update running list, mRunnableHead=BroadcastProcessQueue{2ce77c1 5952:com.oplus.gesture/u0a213} Max running broadcast queue size is 5 current is 4 usedExtra is 1
03-24 00:51:13.392  4789  4842 D BroadcastQueue: Skip update running list, mRunnableHead=BroadcastProcessQueue{2ce77c1 5952:com.oplus.gesture/u0a213} Max running broadcast queue size is 5 current is 4 usedExtra is 1
03-24 00:51:13.393  4789  4842 D BroadcastQueue: Skip update running list, mRunnableHead=BroadcastProcessQueue{2ce77c1 5952:com.oplus.gesture/u0a213} Max running broadcast queue size is 5 current is 4 usedExtra is 1
03-24 00:51:13.393  5080  5080 D SystemUi--Keyguard: PictorialWallpaperHelper-->onScreenTurningOn
03-24 00:51:13.395  4789  4842 D BroadcastQueue: Skip update running list, mRunnableHead=BroadcastProcessQueue{2ce77c1 5952:com.oplus.gesture/u0a213} Max running broadcast queue size is 5 current is 4 usedExtra is 1
03-24 00:51:13.395  5080  5080 I KeyguardTransitionRepository: STARTED transition: TransitionStep(from=DOZING, to=LOCKSCREEN, value=0.0, transitionState=STARTED, ownerName=FromDozingTransitionInteractor)
03-24 00:51:13.397  5080  5080 D SystemUi--Aod: SelfiesTrigger-->onBiometricRunningStateChanged: running= true
03-24 00:51:13.402  5080  5080 I SystemUi--Notification: LockScreenNotificationDispatcherImp-->updateNotificationListOnKg resultCode: 0
03-24 00:51:13.402  4789  4842 D BroadcastQueue: Skip update running list, mRunnableHead=BroadcastProcessQueue{8aa2589 5934:.AudioEffectCenter/1000} Max running broadcast queue size is 5 current is 4 usedExtra is 1
03-24 00:51:13.402  4789  4842 D BroadcastQueue: Skip update running list, mRunnableHead=BroadcastProcessQueue{8aa2589 5934:.AudioEffectCenter/1000} Max running broadcast queue size is 5 current is 4 usedExtra is 1
03-24 00:51:13.403  5080  5080 I ShadeHeaderController: updateQQSPaddings clockPaddingStart:5
03-24 00:51:13.404  4789  5025 D BiometricScheduler: [Added] {[211] com.android.server.biometrics.sensors.face.aidl.FaceAuthenticationClient, proto=3, owner=com.android.systemui, cookie=0, requestId=48, userId=0}, new queue size: 1
03-24 00:51:13.404  4789  5025 D BiometricScheduler: [Polled] {[211] com.android.server.biometrics.sensors.face.aidl.FaceAuthenticationClient, proto=3, owner=com.android.systemui, cookie=0, requestId=48, userId=0}, State: 0
03-24 00:51:13.406  4789  4842 D BroadcastQueue: Skip update running list, mRunnableHead=BroadcastProcessQueue{8aa2589 5934:.AudioEffectCenter/1000} Max running broadcast queue size is 5 current is 4 usedExtra is 1
03-24 00:51:13.406  4789  4842 D BroadcastQueue: Skip update running list, mRunnableHead=BroadcastProcessQueue{8aa2589 5934:.AudioEffectCenter/1000} Max running broadcast queue size is 5 current is 4 usedExtra is 1
03-24 00:51:13.409  4789  6063 D AppStartupManager: error happend in shouldPreventStartService:checkStartupLimit
03-24 00:51:13.413  5080  5080 D SystemUi--Keyguard: KeyguardUtils-->getInitialDisplayDensity  density=0
03-24 00:51:13.413  4789 10447 D AppStartupManager: error happend in shouldPreventStartService:checkStartupLimit
03-24 00:51:13.413  5080  5080 D SystemUi--Keyguard: KeyguardUtils-->fail to read this property, get density form windowManagerService : 320
03-24 00:51:13.416 13140 13140 D BoundBrokerSvc: onRebind: Intent { act=com.google.android.gms.onboardingconsent.api.ConsentManagerApiService.START dat=chimera-action:/... cmp=com.google.android.gms/.chimera.GmsApiService }
03-24 00:51:13.419  4789  4842 D BroadcastQueue: Skip update running list, mRunnableHead=BroadcastProcessQueue{8aa2589 5934:.AudioEffectCenter/1000} Max running broadcast queue size is 5 current is 4 usedExtra is 1
03-24 00:51:13.423  4789  5025 D BiometricScheduler: [Started] {[211] com.android.server.biometrics.sensors.face.aidl.FaceAuthenticationClient, proto=3, owner=com.android.systemui, cookie=0, requestId=48, userId=0}
03-24 00:51:13.425  4789  5025 D Biometrics/AuthenticationClient: Requesting auth for com.android.systemui
03-24 00:51:13.426  5080  5670 D BiometricStatusRepositoryImpl: authenticationState updated: Started(biometricSourceType=FACE, requestReason=DeviceEntryAuthentication)
03-24 00:51:13.431  4789  4842 D BroadcastQueue: Skip update running list, mRunnableHead=BroadcastProcessQueue{91c4c09 5455:com.android.launcher3/u0a198} Max running broadcast queue size is 5 current is 4 usedExtra is 1
03-24 00:51:13.432  4789  4842 D BroadcastQueue: Skip update running list, mRunnableHead=BroadcastProcessQueue{91c4c09 5455:com.android.launcher3/u0a198} Max running broadcast queue size is 5 current is 4 usedExtra is 1
03-24 00:51:13.434  5080  5080 D SystemUi--Notification: StateCallbackMonitor-->onFullscreenStateChanged: mIsFullscreen = false
03-24 00:51:13.434  5080  5080 D SystemUi--Notification: StateCallbackMonitor-->onFullscreenStateChanged: do nothing when keyguard Showing
03-24 00:51:13.435  5080  5195 D SensorManager: requestTriggerSensorImpl sensor = {Sensor name="Pick Gesture", vendor="Sprd Group Ltd.", version=1, type=25, maxRange=1.0, resolution=1.0, power=0.17, minDelay=-1}, listener = com.android.systemui.deviceentry.ui.binder.LiftToRunFaceAuthBinder$listener$1@e65df1a
03-24 00:51:13.436  4789  4842 D BroadcastQueue: Skip update running list, mRunnableHead=BroadcastProcessQueue{c7491ab 5514:com.google.android.gms.persistent/u0a154} Max running broadcast queue size is 5 current is 4 usedExtra is 1
03-24 00:51:13.440  4789  5103 D UnisocFaceService: onAuthenticationStarted, faceid unipnp unievent, pid:1236
03-24 00:51:13.440  5080  5080 D SystemUi--Keyguard: KeyguardUtils-->getInitialDisplayDensity  density=0
03-24 00:51:13.441  5080  5080 D SystemUi--Keyguard: KeyguardUtils-->fail to read this property, get density form windowManagerService : 320
03-24 00:51:13.441  4789  5336 D UniActivityManagerServiceExt: setVipSchedForProc processName: android.systemui,enable: true, procBoostType:4
03-24 00:51:13.441  4789  5336 I UFwAppResCtl: Proc: android.systemui is enabled 4 vip sched
03-24 00:51:13.444  1236  1258 I FaceIdHal: FaceID HAL start, the lockout_state = 0, spoof_counter = 0, liveness_counter = 0.
03-24 00:51:13.447  5080  5080 D SystemUi--Common: OplusPrivacyDotViewController--> updateStatusbarMargin:0,0,0,0,0
03-24 00:51:13.447  4789  5025 V BiometricSchedulerOperation: started: {[211] com.android.server.biometrics.sensors.face.aidl.FaceAuthenticationClient, proto=3, owner=com.android.systemui, cookie=0, requestId=48, userId=0}, State: 2
03-24 00:51:13.451  5080  5195 D SensorManager: registerListenerImpl sensor = {Sensor name="prox_sip3510", vendor="SI-IN", version=1, type=8, maxRange=5.0, resolution=1.0, power=0.15, minDelay=0}, delayUs = 20000, latencyUs = 0, listener = com.android.systemui.util.sensors.ThresholdSensorImpl$1@481d924
03-24 00:51:13.452  5080  5080 D SystemUi--Keyguard: LaunchableImageView-->onColorChanged drawable = android.graphics.drawable.VectorDrawable@2770ca8
03-24 00:51:13.452  5080  5080 D SystemUi--Keyguard: LaunchableImageView-->updateIconColor finally color :ffffffff, alpha :0.0, NormalColor: ffffffff, DarkIconColor: ff000000, mLeft: 41
03-24 00:51:13.453  5080  5080 D SystemUi--Keyguard: LaunchableImageView-->onColorChanged drawable = android.graphics.drawable.VectorDrawable@837aa7
03-24 00:51:13.454  5080  5080 D SystemUi--Keyguard: LaunchableImageView-->updateIconColor finally color :ffffffff, alpha :0.0, NormalColor: ffffffff, DarkIconColor: ff000000, mLeft: 597
03-24 00:51:13.457  5080  5080 D SystemUi--Keyguard: KeyguardUtils-->getInitialDisplayDensity  density=0
03-24 00:51:13.457  5080  5080 D SystemUi--Keyguard: KeyguardUtils-->fail to read this property, get density form windowManagerService : 320
03-24 00:51:13.461  1236  1258 D CameraHelper: openCameraAndStartPreview camera = 31, surface = 0x0, isdoingCloseCamera = 0
03-24 00:51:13.466  4789  4842 D BroadcastQueue: Skip update running list, mRunnableHead=BroadcastProcessQueue{8e027db 13119:com.google.android.inputmethod.latin/u0a174} Max running broadcast queue size is 5 current is 4 usedExtra is 1
03-24 00:51:13.477  4789  4936 D WindowManager: The getTopActivityName is com.example.wantuch.MainActivity
03-24 00:51:13.478  4789  4936 W WindowManager: android.provider.Settings$SettingNotFoundException: is_mark_status
03-24 00:51:13.478  4789  4936 W WindowManager: 	at android.provider.Settings$System.getIntForUser(Settings.java:4411)
03-24 00:51:13.478  4789  4936 W WindowManager: 	at android.provider.Settings$System.getInt(Settings.java:4401)
03-24 00:51:13.486 13265 13265 W JobService: onNetworkChanged() not implemented in androidx.work.impl.background.systemjob.SystemJobService. Must override in a subclass.
03-24 00:51:13.503  5514  6523 I NearbyDiscovery: (REDACTED) ApFastPairScanner: Start scanning internally, %s
03-24 00:51:13.506  4789  4862 D DisplayPowerController2[0]: convertLinearToGammaFloat animateValue : 0.8145517 modeData :53382
03-24 00:51:13.509 10040 10171 E MSP-LOG-SDK-: MspSdkException{code=3014,message=com.heytap.mspsdk.ratelimit.MspRateLimitExceededException: ipc rate limit exceeded in time window}
03-24 00:51:13.512 10040 10171 E MSP-LOG-SDK-: MspSdkException{code=3014,message=com.heytap.mspsdk.ratelimit.MspRateLimitExceededException: ipc rate limit exceeded in time window}
03-24 00:51:13.514 10040 10171 E MSP-LOG-SDK-: MspSdkException{code=3014,message=com.heytap.mspsdk.ratelimit.MspRateLimitExceededException: ipc rate limit exceeded in time window}
03-24 00:51:13.516 10040 10178 E MSP-LOG-SDK-: MspSdkException{code=3014,message=com.heytap.mspsdk.ratelimit.MspRateLimitExceededException: ipc rate limit exceeded in time window}
03-24 00:51:13.527  1121  1121 I SurfaceFlinger: updating visibility visibleForInput:1, Snapshot{TraversalPath{.id = 13217}com.android.systemui.wallpapers.ImageWallpaper#13217 isVisible=0 {nothing to draw} changes=Geometry | Visibility | AffectsChildren | FrameRate | VisibleRegion layerStack=0 geomLayerBounds={-7200,-16040,16040,7200} geomLayerTransform={tx=0,ty=0}} input{(NOT_FOCUSABLE | NOT_TOUCHABLE | PREVENT_SPLITTING | IS_WALLPAPER) touchableRegion={0,0,1604,720}}
03-24 00:51:13.528  4789  4862 D DisplayPowerController2[0]: convertLinearToGammaFloat animateValue : 0.8145517 modeData :53382
03-24 00:51:13.528  1121  1121 I SurfaceFlinger: updating visibility visibleForInput:1, Snapshot{TraversalPath{.id = 13217, .mirrorRootIds=23642,}com.android.systemui.wallpapers.ImageWallpaper#13217 isVisible=0 {nothing to draw} changes=Geometry | Visibility | AffectsChildren | FrameRate | VisibleRegion layerStack=39 geomLayerBounds={0,0,1604,720} geomLayerTransform={tx=0,ty=0}} input{(NOT_FOCUSABLE | NOT_TOUCHABLE | PREVENT_SPLITTING | IS_WALLPAPER) touchableRegion={0,0,1604,720}}
03-24 00:51:13.549  5080  5080 D PluginSeedling--Track: SystemBroadcastReceiver-->screenOnOffReceiver: true
03-24 00:51:13.549  5080  5080 I PluginSeedling--CapsuleCard: SystemBroadcastReceiver-->onReceiveInner Broadcast, action: android.intent.action.SCREEN_ON
03-24 00:51:13.549  5080  5080 D PluginSeedling--Base: SystemBroadcastReceiver-->setDisplayState state: true
03-24 00:51:13.550  5675 17464 I bt_shim_scanner: system/main/shim/le_scanning_manager.cc:166 RegisterScanner: in shim layer
03-24 00:51:13.575  5080  5080 I SystemUi--Notification: LockScreenNotificationDispatcherImp-->updateNotificationListOnKg resultCode: 0
03-24 00:51:13.576  5080  5080 D SystemUi--Keyguard: KeyguardUtils-->getInitialDisplayDensity  density=0
03-24 00:51:13.577  5080  5080 D SystemUi--Keyguard: KeyguardUtils-->fail to read this property, get density form windowManagerService : 320
03-24 00:51:13.586  5080  5080 D SystemUi--Notification: StateCallbackMonitor-->onScreenTurnedOn() called , mScreenState = [0]
03-24 00:51:13.586  5080  5080 D SystemUi--Notification: StateCallbackMonitor-->shouldNotShowCapsule() called , mMiniCapsuleEnable = [true] , mOrientation = [1] , oneHandMode = [false] , mIsFullscreen = [false] , isKeyguardShowing = [true] , isDeviceProvisioned() = [true]
03-24 00:51:13.586  5080  5080 D SystemUi--Keyguard: KeyguardWallpaperContainer-->onScreenTurnedOn
03-24 00:51:13.587  4789  8798 V AlarmManager: set(null) : type=2 listener=android.app.IAlarmListener$Stub$Proxy@fb81c2f listenerTag=KeyguardIndication workSource=null callingPackage=com.android.systemui callingUid=10204 triggerAtTime=79767685 win=0 tElapsed=79768586 maxElapsed=79768586 interval=0 flags=0x9
03-24 00:51:13.588  5080  5080 D ProximityListener: start mPsensorReg=false mMistouchEnable=false
03-24 00:51:13.588  5080  5080 D SystemUi--Aod: SmoothTransitionController-->onScreenTurnedOn
03-24 00:51:13.588  5080  5080 D SystemUi--Aod: AODDisplayUtil-->hideAnimMock
03-24 00:51:13.588  5080  5080 I SystemUi--Aod: AODDisplayUtil-->aodBlackLayout com.oplus.systemui.aod.aodclock.off.AodBlackLayout{d33ee19 G.E...... ......I. 0,0-720,1604 #7f0a0b2e app:id/workshop_aod_black_container}
03-24 00:51:13.588  5080  5080 D SystemUi--Aod: AodBlackLayout-->AodBlockLayout setVisibility 8
03-24 00:51:13.588  5080  5080 I SystemUi--Aod: AodBlackLayout-->hideAnimMock android.view.View{1fe2ede G.ED..... ......I. 0,0-720,1604 #7f0a0b2d app:id/workshop_aod_anim_mock}
03-24 00:51:13.589  5080  5080 D SystemUi--MiniCapsule: FlavorOneCapsuleController-->onScreenTurnedOn() called , mScreenState = [0]
03-24 00:51:13.593  5080  5080 D SystemUi--Notification: WeatherEffectController-->isNetSystemUsable: isNet = true
03-24 00:51:13.593  5080  5080 D SystemUi--Notification: WeatherEffectController-->updateNetworkAndLocationState: isNetAble = true;  isLocationAble = true
03-24 00:51:13.593  5080  5080 D SystemUi--Notification: WeatherEffectController-->check. mIsListening:false mRemindToday:false mScreenOn:true networkAndLocationState:true
03-24 00:51:13.593  5080  5080 D SystemUi--Notification: WeatherEffectController-->fail to check.
03-24 00:51:13.593  5080  5080 D SystemUi--SlMediaController: onReceive: action=android.intent.action.SCREEN_ON-->null
03-24 00:51:13.593  5080  5080 I SystemUi--SlMediaCardViewModelImpl: isScreenOn; value: true; field: false-->null
03-24 00:51:13.593  5080  5080 I SystemUi--SlMediaController: isScreenOn: true-->null
03-24 00:51:13.605  4789 10447 D AppStartupManager: error happend in shouldPreventStartService:checkStartupLimit
03-24 00:51:13.619  5080  5638 W SystemUi--Aod: SmoothTransitionController-->config not support enter aod by display panel feature!
03-24 00:51:13.619  5080  5080 D SystemUi--Keyguard: KeyguardUtils-->getInitialDisplayDensity  density=0
03-24 00:51:13.619  5080  5080 D SystemUi--Keyguard: KeyguardUtils-->fail to read this property, get density form windowManagerService : 320
03-24 00:51:13.622  5080  5080 D SystemUi--Aod: WeatherTrigger-->updateCurrentWeather: currentTime= 1774292400
03-24 00:51:13.622  5080  5080 D SystemUi--Aod: BatteryTrigger-->getCurrentIndex: currentTime= 79763621, index= 2
03-24 00:51:13.622  5080  5080 D SystemUi--Aod: BatteryTrigger-->getCurrentIndex: currentTime= 79763621, index= 2
03-24 00:51:13.624  4789  5101 V AlarmManager: set(PendingIntent{757dd5a: PendingIntentRecord{376db8b com.google.android.gms/com.google.android.gms.container startService}}) : type=3 listener=null listenerTag=null workSource=null callingPackage=com.google.android.gms callingUid=10154 triggerAtTime=315439763623 win=3600000 tElapsed=315439763623 maxElapsed=315443363623 interval=0 flags=0x0
03-24 00:51:13.629  4789  5700 D AppStartupManager: error happend in shouldPreventStartService:checkStartupLimit
03-24 00:51:13.631  5514  6523 I NearbyDiscovery: (REDACTED) ApFastPairScanner: Start scanning, mode=%s
03-24 00:51:13.636  5675  6005 I bt_shim_scanner: system/main/shim/le_scanning_manager.cc:276 ScanFilterEnable: in shim layer
03-24 00:51:13.641  5675  6005 I bt_shim_scanner: system/main/shim/le_scanning_manager.cc:252 ScanFilterAdd: in shim layer
03-24 00:51:13.644  5675  6005 I bt_shim_scanner: system/main/shim/le_scanning_manager.cc:214 ScanFilterParamSetup: in shim layer, clientIf=1
03-24 00:51:13.646  5675  6005 I bt_shim_scanner: system/main/shim/le_scanning_manager.cc:252 ScanFilterAdd: in shim layer
03-24 00:51:13.657  5675  6005 I bt_shim_scanner: system/main/shim/le_scanning_manager.cc:214 ScanFilterParamSetup: in shim layer, clientIf=1
03-24 00:51:13.657  5080  5125 D MobileSignalController: updateTelephonySignalStrength: hasService=true ss=SignalStrength:{mCdma=CellSignalStrengthCdma: cdmaDbm=2147483647 cdmaEcio=2147483647 evdoDbm=2147483647 evdoEcio=2147483647 evdoSnr=2147483647 level=0,mGsm=CellSignalStrengthGsm: rssi=2147483647 ber=2147483647 mTa=2147483647 mLevel=0,mWcdma=CellSignalStrengthWcdma: ss=2147483647 ber=2147483647 rscp=2147483647 ecno=2147483647 level=0,mTdscdma=CellSignalStrengthTdscdma: rssi=2147483647 ber=2147483647 rscp=2147483647 level=0,mLte=CellSignalStrengthLte: rssi=-51 rsrp=-96 rsrq=-28 rssnr=-10 cqiTableIndex=2147483647 cqi=2147483647 ta=2147483647 level=4 parametersUseForLevel=0,mNr=CellSignalStrengthNr:{ csiRsrp = 2147483647 csiRsrq = 2147483647 csiCqiTableIndex = 2147483647 csiCqiReport = [] ssRsrp = 2147483647 ssRsrq = 2147483647 ssSinr = 2147483647 level = 0 parametersUseForLevel = 0 timingAdvance = 2147483647 },primary=CellSignalStrengthLte} displayInfo=TelephonyDisplayInfo {network=LTE, overrideNetwork=NONE, isRoaming=false}
03-24 00:51:13.658  4789  5441 D OplusFastRecovery: onSignalStrengthsChanged:SignalStrength:{mCdma=CellSignalStrengthCdma: cdmaDbm=2147483647 cdmaEcio=2147483647 evdoDbm=2147483647 evdoEcio=2147483647 evdoSnr=2147483647 level=0,mGsm=CellSignalStrengthGsm: rssi=2147483647 ber=2147483647 mTa=2147483647 mLevel=0,mWcdma=CellSignalStrengthWcdma: ss=2147483647 ber=2147483647 rscp=2147483647 ecno=2147483647 level=0,mTdscdma=CellSignalStrengthTdscdma: rssi=2147483647 ber=2147483647 rscp=2147483647 level=0,mLte=CellSignalStrengthLte: rssi=-51 rsrp=-96 rsrq=-28 rssnr=-10 cqiTableIndex=2147483647 cqi=2147483647 ta=2147483647 level=4 parametersUseForLevel=0,mNr=CellSignalStrengthNr:{ csiRsrp = 2147483647 csiRsrq = 2147483647 csiCqiTableIndex = 2147483647 csiCqiReport = [] ssRsrp = 2147483647 ssRsrq = 2147483647 ssSinr = 2147483647 level = 0 parametersUseForLevel = 0 timingAdvance = 2147483647 },primary=CellSignalStrengthLte}
03-24 00:51:13.663  5675  6005 I bt_shim_scanner: system/main/shim/le_scanning_manager.cc:252 ScanFilterAdd: in shim layer
03-24 00:51:13.664  5675  6005 I bt_shim_scanner: system/main/shim/le_scanning_manager.cc:214 ScanFilterParamSetup: in shim layer, clientIf=1
03-24 00:51:13.664  5675  6005 I bt_shim_scanner: system/main/shim/le_scanning_manager.cc:179 Scan: in shim layer started
03-24 00:51:13.664  5675  5821 I bluetooth: system/gd/hci/le_scanning_manager.cc:587 scan: scan start:true
03-24 00:51:13.664  5675  5821 I bluetooth: system/gd/hci/le_scanning_manager.cc:639 stop_scan: Scanning already stopped, return!
03-24 00:51:13.664  5675  5821 I bluetooth: system/gd/hci/le_address_manager.cc:229 register_client: Client registered
03-24 00:51:13.666  5675  6005 I bt_shim_scanner: system/main/shim/le_scanning_manager.cc:179 Scan: in shim layer stopped
03-24 00:51:13.666  5675  5821 I bluetooth: system/gd/hci/le_scanning_manager.cc:587 scan: scan start:false
03-24 00:51:13.667  5675  5821 I bluetooth: system/gd/hci/le_address_manager.cc:244 unregister_client: Client unregistered
03-24 00:51:13.667  5675  6005 I bt_shim_scanner: system/main/shim/le_scanning_manager.cc:357 SetScanParameters: in shim layer, scannerId=1
03-24 00:51:13.667  5675  6005 I bt_shim_scanner: system/main/shim/le_scanning_manager.cc:179 Scan: in shim layer started
03-24 00:51:13.667  5675  5821 I bluetooth: system/gd/hci/le_scanning_manager.cc:587 scan: scan start:true
03-24 00:51:13.667  5675  5821 I bluetooth: system/gd/hci/le_scanning_manager.cc:639 stop_scan: Scanning already stopped, return!
03-24 00:51:13.667  5675  5821 I bluetooth: system/gd/hci/le_address_manager.cc:229 register_client: Client registered
03-24 00:51:13.685  4789  4843 I ActivityManager: Start proc 14179:com.google.android.apps.messaging/u0a160 for content provider {com.google.android.apps.messaging/com.google.android.apps.messaging.shared.datamodel.provider.sharedstorage.SharedStorageProvider}
03-24 00:51:13.693  5514  6523 I NearbyDiscovery: (REDACTED) ApFastPairScanner: eventType=%s, intReq=%s, scanning=%s, scanAllowed=%s, bleEnabled=%s, lockScanRate=%s, startScanningByLowPowerMode=%s
03-24 00:51:13.694  5514  6523 I NearbyDiscovery: FastPairController: onSystemStateChanged: skip due to flag disabled [CONTEXT service_id=265 ]
03-24 00:51:13.693  4789  4789 W PowerManagerSer: type=1400 audit(0.0:49331): avc:  denied  { read } for  name="u:object_r:vendor_default_prop:s0" dev="tmpfs" ino=536 scontext=u:r:system_server:s0 tcontext=u:object_r:vendor_default_prop:s0 tclass=file permissive=0
03-24 00:51:13.693  4789  4789 W PowerManagerSer: type=1400 audit(0.0:49332): avc:  denied  { read } for  name="u:object_r:vendor_default_prop:s0" dev="tmpfs" ino=536 scontext=u:r:system_server:s0 tcontext=u:object_r:vendor_default_prop:s0 tclass=file permissive=0
03-24 00:51:13.697  5080  5080 D SystemUi--Aod: SmoothTransitionController-->onFinishedWakingUp
03-24 00:51:13.697  5080  5080 D SystemUi--Aod: AodManager-->resetRotationWhilePowerOff
03-24 00:51:13.697  5080  5080 D SystemUi--Aod: AODDisplayUtil-->onFinishedWakingUp mAODProcessType:0
03-24 00:51:13.703  4789  4816 I DreamController: Stopping dream: name=ComponentInfo{com.android.systemui/com.android.systemui.doze.DozeService}, isPreviewMode=false, canDoze=true, userId=0, reason='finished self'(from 'requested stopDream from power service')
03-24 00:51:13.709  5080  5080 I SystemUi--Aod: OplusDozeService-->Doze Service onDreamingStopped
03-24 00:51:13.709  5080  5080 I SystemUi--Aod: AodRecord-->onDreamingStopped
03-24 00:51:13.709  5080  5080 D SystemUi--Aod: AODDisplayUtil-->hideAnimMock
03-24 00:51:13.710  5080  5080 I SystemUi--Aod: AODDisplayUtil-->aodBlackLayout com.oplus.systemui.aod.aodclock.off.AodBlackLayout{d33ee19 G.E...... ......I. 0,0-720,1604 #7f0a0b2e app:id/workshop_aod_black_container}
03-24 00:51:13.710  5080  5080 D SystemUi--Aod: AodBlackLayout-->AodBlockLayout setVisibility 8
03-24 00:51:13.710  5080  5080 I SystemUi--Aod: AodBlackLayout-->hideAnimMock android.view.View{1fe2ede G.ED..... ......I. 0,0-720,1604 #7f0a0b2d app:id/workshop_aod_anim_mock}
03-24 00:51:13.710  5080  5080 I SystemUi--Aod: AodViewSingleClickWakeUpHolder-->unregisterAodViewingleClickEventCallback
03-24 00:51:13.710  5080  5080 I SystemUi--Aod: AodRecord-->mRemoveWindowTask:true, mIsClearRootLayout:true
03-24 00:51:13.710  5080  5639 I SystemUi--Keyguard: OplusBlackScreenGestureControllExImpl-->unregisterScreenOffGesture
03-24 00:51:13.710  5080  5080 D SystemUi--Aod: AodClockLayout-->onAodDreamingStopped() clean update.
03-24 00:51:13.710  5080  5080 I SystemUi--Aod: AodUpdateReceiver-->removeListener:com.oplus.systemui.aod.aodclock.off.AodClockLayout$AodClockUpdateReceiver@3b2ebed
03-24 00:51:13.710  5080  5080 I SystemUi--Aod: AodUpdateManager-->unregisterUpdateBroadcast(): AodUpdateReceiver ready unregister.mContext address com.android.systemui.SystemUIApplication@f677ede
03-24 00:51:13.710  5080  5080 I SystemUi--Aod: AodUpdateManager-->unregisterWakeupBroadcast(): AodWakeUpReceiver ready unregister.mContext address com.android.systemui.SystemUIApplication@f677ede
03-24 00:51:13.710  5080  5080 D SystemUi--Aod: AodUpdateManager-->unregisterHideBroadcast(): AodHideReceiver ready unregister.mContext addresscom.android.systemui.SystemUIApplication@f677ede
03-24 00:51:13.710  5080  5080 D SystemUi--Aod: AodUpdateManager-->unregisterWidgetBroadcast,mHasRegisterWidgetBroadcast:true
03-24 00:51:13.711  5080  5080 D SystemUi--Aod: AodData-->updateCurrentDayTotalDisplayTime: return startShow false
03-24 00:51:13.711  5080  5080 I SystemUi--Aod: AodClockLayout-->onAodClockLayoutDestroy
03-24 00:51:13.712  5080  5638 I SystemUi--Aod: AodUpdateManager-->cancel hide alarm
03-24 00:51:13.717  5080  5080 E AodApk--Engine: ReflectionUtils-->methodInvoke removeMediaListener failed java.lang.NoSuchMethodException: com.oplus.systemui.aod.plugin.AodPluginCallImpl.removeMediaListener []
03-24 00:51:13.717  5080  5080 D SystemUi--Aod: NotificationManager-->removeNotificationListener: com.oplus.systemui.aod.plugin.AodPluginCallImpl$2@adb08d3
03-24 00:51:13.722  5080  5080 I SystemUi--Aod: AodClockLayout-->destroy aod view cost 4ms , mAodViewFromApk = com.oplus.aodimpl.AodRootLayout{35bfac8 V.E...... ......ID 0,0-720,375}
03-24 00:51:13.725  5080  5080 D SystemUi--Aod: AodBlackLayout-->AodBlockLayout setVisibility 8
03-24 00:51:13.725  5080  5080 I SystemUi--Aod: AodBlackLayout-->hideAnimMock android.view.View{1fe2ede G.ED..... ......I. 0,0-720,1604 #7f0a0b2d app:id/workshop_aod_anim_mock}
03-24 00:51:13.725  5080  5080 I SystemUi--Aod: AodRecord-->removeDreamWindow finished
03-24 00:51:13.725  5080  5080 I SystemUi--Aod: AodSensorManager-->unregisterProximitySensor: 
03-24 00:51:13.725  5080  5080 D SensorManager: unregisterListenerImpl sensor = null, listener = com.oplus.systemui.aod.sensor.AodSensorManager$ProxSensorListener@537117b
03-24 00:51:13.727  5080  5080 I SystemUi--Aod: AodSensorManager-->unRegisterOrientationObserver, mOrientationObserver = com.oplus.systemui.aod.sensor.AodSensorManager$OrientationObserver@a1027
03-24 00:51:13.727  5080  5080 I SystemUi--Aod: AODDisplayUtil-->onDreamingStop BaseDisplayUtil
03-24 00:51:13.728  5080  5080 D SystemUi--Aod: AODDisplayUtil-->onDreamingStop
03-24 00:51:13.730  5080  5639 I SystemUi--Keyguard: OplusBlackScreenGestureControllExImpl-->checkUpdateRegisterScreenOffGestureStatus existEnableCallback = false, mScreenOffGestureRegistered =  false
03-24 00:51:13.730  5080  5639 I SystemUi--Keyguard: OplusBlackScreenGestureControllExImpl-->MSG_CHECK_GESTURE_ENABLE:  mHasFeatureGestureProximity=false mScreenOffGestureRegistered=false mIsGestureSwitchOn=false
03-24 00:51:13.730  5080  5639 I SystemUi--Keyguard: OplusBlackScreenGestureControllExImpl-->unregisterSensor mIsRegisterSensor=false
03-24 00:51:13.739  5080  5080 I SystemUi--Aod: AodRecord-->frame commit callback
03-24 00:51:13.740  5080  5080 I SystemUi--Aod: OplusDozeService-->Doze Service onDestroy
03-24 00:51:13.740  5080  5080 I SystemUi--Aod: AodRecord-->onDestroy
03-24 00:51:13.740  5080  5080 D SystemUi--Aod: AODDisplayUtil-->hideAnimMock
03-24 00:51:13.740  5080  5080 I SystemUi--Aod: AODDisplayUtil-->aodBlackLayout com.oplus.systemui.aod.aodclock.off.AodBlackLayout{d33ee19 G.E...... ......I. 0,0-720,1604 #7f0a0b2e app:id/workshop_aod_black_container}
03-24 00:51:13.741  5080  5080 D SystemUi--Aod: AodBlackLayout-->AodBlockLayout setVisibility 8
03-24 00:51:13.741  5080  5080 I SystemUi--Aod: AodBlackLayout-->hideAnimMock android.view.View{1fe2ede G.ED..... ......I. 0,0-720,1604 #7f0a0b2d app:id/workshop_aod_anim_mock}
03-24 00:51:13.741  5080  5080 I SystemUi--Aod: AodSensorManager-->unRegisterOrientationObserver, mOrientationObserver = com.oplus.systemui.aod.sensor.AodSensorManager$OrientationObserver@a1027
03-24 00:51:13.741  5080  5080 I SystemUi--Aod: CurvedDisplayManager-->onCurvedViewDestroy
03-24 00:51:13.741  5080  5080 D SystemUi--Aod: SmoothTransitionController-->onDreamingStateChanged:false
03-24 00:51:13.742  5080  5080 I SystemUi--Aod: SmoothTransitionController-->notifyStartedWakingUpUiStateOfSmoothTransition:KEYGUARD, anim:true
03-24 00:51:13.742  5080  5638 I SystemUi--Aod: SmoothTransitionController-->updateCurrentUiState, same ui state ignore, KEYGUARD:KEYGUARD
03-24 00:51:13.742  5080  5080 D SystemUi--SystemUi--: StatusBarSignalPolicyExImpl-->simSlotIndex =0,simSlotIndex = 0
03-24 00:51:13.777 14179 14179 D ApplicationLoaders: Returning zygote-cached class loader: /system/framework/org.apache.http.legacy.jar
03-24 00:51:13.786  5080  5080 D SystemUi--Keyguard: PictorialMediator-->exposureStart : imageInfo =  , wp_1_1774295393595
03-24 00:51:13.786  5080  5080 D SystemUi--Keyguard: PictorialMediator-->mPictorialExist:true,isMainSwitchOn:true
03-24 00:51:13.786  5080  5273 D SystemUi--Keyguard: PictorialMediator-->reportStatisticData  uri = content://com.taboola.scoop.data.provider/keyguard_buried_point, values ={groupType=0, case=1, eventname=notify_visible, category=10000, timestamp=1774295473786, groupId=, imageId=wp_1_1774295393595}
03-24 00:51:13.789 14179 14179 D nativeloader: Configuring clns-7 for other apk /system_ext/framework/SatelliteClient.jar. target_sdk_version=36, uses_libraries=ALL, library_path=/data/app/~~khUwVuIB8lMLIFeu2dSspQ==/com.google.android.apps.messaging-d4MgM58Nl_pHY0uQLPHJtA==/lib/arm64:/data/app/~~khUwVuIB8lMLIFeu2dSspQ==/com.google.android.apps.messaging-d4MgM58Nl_pHY0uQLPHJtA==/base.apk!/lib/arm64-v8a:/data/app/~~khUwVuIB8lMLIFeu2dSspQ==/com.google.android.apps.messaging-d4MgM58Nl_pHY0uQLPHJtA==/split_config.arm64_v8a.apk!/lib/arm64-v8a:/data/app/~~khUwVuIB8lMLIFeu2dSspQ==/com.google.android.apps.messaging-d4MgM58Nl_pHY0uQLPHJtA==/split_config.en.apk!/lib/arm64-v8a:/data/app/~~khUwVuIB8lMLIFeu2dSspQ==/com.google.android.apps.messaging-d4MgM58Nl_pHY0uQLPHJtA==/split_config.xhdpi.apk!/lib/arm64-v8a, permitted_path=/data:/mnt/expand:/data/user/0/com.google.android.apps.messaging
03-24 00:51:13.791 14179 14179 D ApplicationLoaders: Returning zygote-cached class loader: /system_ext/framework/androidx.window.extensions.jar
03-24 00:51:13.791 14179 14179 D ApplicationLoaders: Returning zygote-cached class loader: /system_ext/framework/androidx.window.sidecar.jar
03-24 00:51:13.844  1085  1148 D PowerHAL: Enter common_set: enable:0, duration: 0, /sys/devices/system/cpu/cpufreq/policy0/scaling_max_freq: 
03-24 00:51:13.845  1085  1148 D PowerHAL: Enter common_set: enable:0, duration: 0, /sys/devices/system/cpu/cpufreq/policy6/scaling_min_freq: 
03-24 00:51:13.845  1085  1148 D PowerHAL: Enter common_set: enable:0, duration: 0, /sys/devices/system/cpu/cpufreq/policy0/scaling_min_freq: 
03-24 00:51:13.846  1085  1148 D PowerHAL: Enter common_set: enable:0, duration: 0, /sys/devices/system/cpu/cpufreq/policy6/scaling_max_freq: 
03-24 00:51:13.867  4789 10447 D AppStartupManager: error happend in shouldPreventStartService:checkStartupLimit
03-24 00:51:13.891 13820 11963 D AdvertisingIdClient: AdvertisingIdClient is not bounded. Starting to bind it...
03-24 00:51:13.912  5080  5080 D SystemUi--Keyguard: KeyguardUtils-->getInitialDisplayDensity  density=0
03-24 00:51:13.912  4789  5101 D AppStartupManager: error happend in shouldPreventStartService:checkStartupLimit
03-24 00:51:13.913  5080  5080 D SystemUi--Keyguard: KeyguardUtils-->fail to read this property, get density form windowManagerService : 320
03-24 00:51:13.950  5514 14171 I NetworkScheduler.Stats: (REDACTED) Task %s/%s started execution. cause:%s exec_start_elapsed_seconds: %s
03-24 00:51:13.951  5514 14171 I NetworkScheduler.Stats: (REDACTED) Task %s/%s started execution. cause:%s exec_start_elapsed_seconds: %s
03-24 00:51:13.958 13820 13884 D WM-GreedyScheduler: Starting tracking for 539e6e56-1828-411f-a760-11b287240969
03-24 00:51:13.959  4789  7523 D AppStartupManager: error happend in shouldPreventStartService:checkStartupLimit
03-24 00:51:13.964 13140 10881 I PlayGamesServices[GamesSyncAdapter]: Starting sync for aaaaee37
03-24 00:51:13.967 13140 10882 I PlayGamesServices[GamesSyncAdapter]: Starting sync for 38912e80
03-24 00:51:13.975  4789  6052 D AppStartupManager: error happend in shouldPreventStartService:checkStartupLimit
03-24 00:51:13.977 13820 13884 D WM-GreedyScheduler: Starting tracking for 539e6e56-1828-411f-a760-11b287240969,a73be7b5-3c8c-46ac-930f-0cf282bea819
03-24 00:51:13.997  5514 12122 I NetworkScheduler.Stats: (REDACTED) Task %s/%s finished executing. cause:%s result: %s elapsed_millis: %s uptime_millis: %s exec_start_elapsed_seconds: %s
03-24 00:51:14.003 13820 13884 D WM-GreedyScheduler: Starting tracking for 111f9101-c643-41b4-aa2e-5c698f2117f1,539e6e56-1828-411f-a760-11b287240969,a73be7b5-3c8c-46ac-930f-0cf282bea819
03-24 00:51:14.009  4789  5101 D AppStartupManager: error happend in shouldPreventStartService:checkStartupLimit
03-24 00:51:14.017  5514 12122 I NetworkScheduler.Stats: (REDACTED) Task %s/%s finished executing. cause:%s result: %s elapsed_millis: %s uptime_millis: %s exec_start_elapsed_seconds: %s
03-24 00:51:14.039  4789  7215 D AppStartupManager: error happend in shouldPreventStartService:checkStartupLimit
03-24 00:51:14.041  5675  5821 W bluetooth: system/gd/hci/hci_layer.cc:499 on_vs_event: Unhandled vendor specific event of type Unknown VseSubeventCode(0x0a)
03-24 00:51:14.054 13820 13884 D WM-GreedyScheduler: Starting tracking for 111f9101-c643-41b4-aa2e-5c698f2117f1,539e6e56-1828-411f-a760-11b287240969,a73be7b5-3c8c-46ac-930f-0cf282bea819,7274ce2b-c624-48bc-bc5c-f6a3d274df36
03-24 00:51:14.059  4789  7523 D ActivityManager: Skip enqueue broadcast because no receiver with Intent { act=com.facebook.oxygen.services.fbns.SYS_ENTER flg=0x10 pkg=com.facebook.system (has extras) }
03-24 00:51:14.073 13820 13884 D WM-GreedyScheduler: Starting tracking for 3d180847-fa04-47a3-928a-eda36faa2cf7,111f9101-c643-41b4-aa2e-5c698f2117f1,539e6e56-1828-411f-a760-11b287240969,a73be7b5-3c8c-46ac-930f-0cf282bea819,7274ce2b-c624-48bc-bc5c-f6a3d274df36
03-24 00:51:14.080 13140 14202 I SignInPerformer-3: (REDACTED) Handling request [%s], isFirstPartyCaller [%s]
03-24 00:51:14.082 13140 14202 I SignInPerformer-3: Successfully brokered first-party unauthenticated GamesService [CONTEXT service_id=1 ]
03-24 00:51:14.085  5080  5080 D SystemUi--Notification: StateCallbackMonitor-->shouldNotShowCapsule() called , mMiniCapsuleEnable = [true] , mOrientation = [1] , oneHandMode = [false] , mIsFullscreen = [false] , isKeyguardShowing = [true] , isDeviceProvisioned() = [true]
03-24 00:51:14.085  5080  5080 D SystemUi--Notification: MiniCapsuleManager-->startExecuteData() called , mCurrentShowData = [null]
03-24 00:51:14.092 13820 13884 D WM-GreedyScheduler: Starting tracking for 3d180847-fa04-47a3-928a-eda36faa2cf7,111f9101-c643-41b4-aa2e-5c698f2117f1,539e6e56-1828-411f-a760-11b287240969,a73be7b5-3c8c-46ac-930f-0cf282bea819,7274ce2b-c624-48bc-bc5c-f6a3d274df36,bc8bd453-4c5e-4d27-b1cc-f1eda3ca8c9a
03-24 00:51:14.109  4789  5101 D AppStartupManager: error happend in shouldPreventStartService:checkStartupLimit
03-24 00:51:14.125 13820 13884 D WM-GreedyScheduler: Starting tracking for 3d180847-fa04-47a3-928a-eda36faa2cf7,111f9101-c643-41b4-aa2e-5c698f2117f1,539e6e56-1828-411f-a760-11b287240969,a73be7b5-3c8c-46ac-930f-0cf282bea819,7274ce2b-c624-48bc-bc5c-f6a3d274df36,863edcf6-285f-47e7-bb74-6c91c6b562f7,bc8bd453-4c5e-4d27-b1cc-f1eda3ca8c9a
03-24 00:51:14.142  4789  5101 D AppStartupManager: error happend in shouldPreventStartService:checkStartupLimit
03-24 00:51:14.143 13820 13884 D WM-GreedyScheduler: Starting tracking for 3d180847-fa04-47a3-928a-eda36faa2cf7,111f9101-c643-41b4-aa2e-5c698f2117f1,539e6e56-1828-411f-a760-11b287240969,a73be7b5-3c8c-46ac-930f-0cf282bea819,7274ce2b-c624-48bc-bc5c-f6a3d274df36,863edcf6-285f-47e7-bb74-6c91c6b562f7,bc8bd453-4c5e-4d27-b1cc-f1eda3ca8c9a,12721b33-3f5a-4f4e-9f79-b9c2ff957993
03-24 00:51:14.143 14179 14179 W .apps.messaging: Failed to find entry 'classes.dex': Entry not found
03-24 00:51:14.147 14179 14179 W .apps.messaging: Failed to find entry 'classes.dex': Entry not found
03-24 00:51:14.149  5514 12122 I NetworkScheduler.Stats: (REDACTED) Task %s/%s started execution. cause:%s exec_start_elapsed_seconds: %s
03-24 00:51:14.152 14179 14179 W .apps.messaging: Failed to find entry 'classes.dex': Entry not found
