--------- beginning of system
03-24 00:50:33.278  4789  4789 D TemperatureManagerService: runinAppStartFlag: 0
03-24 00:50:34.224  4789  4806 D AOSP_SafeCenter OplusAccessControlManagerService: checkStartActivityForAppLock: start intent=Intent { act=android.intent.action.MAIN cat=[android.intent.category.LAUNCHER] flg=0x10200000 cmp=com.example.wantuch/.MainActivity }  requestCode=0  sourceRecord=null  aInfo.applicationInfo.uid=10270  realCallingUid=2000  isSkip=false  encryptEnable=false  isPreLoad=false  isKeyguardLock=true  isEncrypt=false  inTask=null
03-24 00:50:34.233  4789  4806 D BLASTSyncEngine: SyncGroup 607-Transition-OPEN started
03-24 00:50:34.245  4789  5395 D PerformanceDatabaseControl: querymem pkgName = com.example.wantuch
03-24 00:50:34.245  4789  4806 I ActivityTaskManager: START u0 {act=android.intent.action.MAIN cat=[android.intent.category.LAUNCHER] flg=0x10200000 cmp=com.example.wantuch/.MainActivity} with LAUNCH_MULTIPLE from uid 2000 pid 13061 (BAL_ALLOW_PERMISSION) result code=START_SUCCESS
03-24 00:50:34.246  5080  5107 V WindowManagerShell: Transition requested (#607): android.os.BinderProxy@89c1eb5 TransitionRequestInfo { type = OPEN, triggerTask = TaskInfo{userId=0 taskId=744 displayId=0 isRunning=true baseIntent=Intent { act=android.intent.action.MAIN cat=[android.intent.category.LAUNCHER] flg=0x10200000 cmp=com.example.wantuch/.MainActivity } baseActivity=ComponentInfo{com.example.wantuch/com.example.wantuch.MainActivity} topActivity=ComponentInfo{com.example.wantuch/com.example.wantuch.MainActivity} origActivity=null realActivity=ComponentInfo{com.example.wantuch/com.example.wantuch.MainActivity} numActivities=1 lastActiveTime=79724243 supportsMultiWindow=true resizeMode=1 isResizeable=true minWidth=-1 minHeight=-1 defaultMinSize=220 token=WCT{android.window.IWindowContainerToken$Stub$Proxy@d2694a} topActivityType=1 pictureInPictureParams=null shouldDockBigOverlays=false launchIntoPipHostTaskId=-1 lastParentTaskIdBeforePip=-1 displayCutoutSafeInsets=Rect(0, 64 - 0, 0) topActivityInfo=ActivityInfo{ee790bb com.example.wantuch.MainActivity} launchCookies=[] positionInParent=Point(0, 0) parentTaskId=-1 isFocused=false isVisible=false isVisibleRequested=false isSleeping=true locusId=null displayAreaFeatureId=1 isTopActivityTransparent=false appCompatTaskInfo=AppCompatTaskInfo { topActivityInSizeCompat=false topActivityEligibleForLetterboxEducation= falseisLetterboxEducationEnabled= false isLetterboxDoubleTapEnabled= false topActivityEligibleForUserAspectRatioButton= false topActivityBoundsLetterboxed= false isFromLetterboxDoubleTap= false topActivityLetterboxVerticalPosition= -1 topActivityLetterboxHorizontalPosition= -1 topActivityLetterboxWidth=720 topActivityLetterboxHeight=1604 isUserFullscreenOverrideEnabled=false isSystemFullscreenOverrideEnabled=false cameraCompatTaskInfo=CameraCompatTaskInfo { cameraCompatControlState=hidden freeformCameraCompatMode=inactive}}}, pipTask = null, remoteTransition = null, displayChange = null, flags = 0, debugId = 607 }
03-24 00:50:34.270  4789  4843 I ActivityManager: Start proc 13077:com.example.wantuch/u0a270 for top-activity {com.example.wantuch/com.example.wantuch.MainActivity}
03-24 00:50:34.326  4789  5102 D ActivityManager:  scheduleServiceRestartLocked  N 0 now 61408028 r ServiceRecord{1587b9a u0 com.coloros.weather.service/com.coloros.weatherWidget.service.WidgetService c:com.coloros.weather.service} minDuration 1000
03-24 00:50:34.327  4789  5102 W ActivityManager: Scheduling restart of crashed service com.coloros.weather.service/com.coloros.weatherWidget.service.WidgetService in 1000ms for start-requested
03-24 00:50:34.362  4789  9398 D ActivityManager: add com.example.wantuch to ColdStartingAppList
03-24 00:50:34.384  4789  9711 W ActivityManager: pid 4789 system sent binder code 41 with flags 1 to frozen apps and got error -32
03-24 00:50:34.388  4789  9711 W ActivityManager: pid 4789 system sent binder code 12 with flags 1 to frozen apps and got error -32
03-24 00:50:34.389  4789  4817 W ActivityManager: pid 4789 system sent binder code 1 with flags 1 to frozen apps and got error -32
03-24 00:50:34.398  4789  4837 W ActivityManager: Rescheduling restart of crashed service com.coloros.weather.service/com.coloros.weatherWidget.service.WidgetService in 29929ms for mem-pressure-event
03-24 00:50:34.970  4789  4837 W ActivityManager: Rescheduling restart of crashed service com.coloros.weather.service/com.coloros.weatherWidget.service.WidgetService in 9357ms for mem-pressure-event
03-24 00:50:35.321  4789  9711 D WindowManager: setFocusedApp mFocusedApp = ActivityRecord{c7905de u0 com.example.wantuch/.MainActivity t744 d0}displayId = 0Callers = com.android.server.wm.ActivityTaskManagerService.setLastResumedActivityUncheckLocked:5125 com.android.server.wm.ActivityTaskSupervisor.updateTopResumedActivityIfNeeded:2347 com.android.server.wm.TaskFragment.setResumedActivity:686 com.android.server.wm.TaskFragment.onActivityStateChanged:1039 com.android.server.wm.ActivityRecord.setState:6280 com.android.server.wm.Task.minimalResumeActivityLocked:5023 
03-24 00:50:35.671  4789  9398 D UnisocVariableRefreshRateImpl: setCurrentPackageName, return when current focus window namenot contains packageName: com.example.wantuch mCurrentRequestFocusWindowName: 2f2e853 NotificationShade
03-24 00:50:35.822  4789  4819 W ActivityTaskManager: Activity top resumed state loss timeout for ActivityRecord{c7905de u0 com.example.wantuch/.MainActivity t744 d0}
03-24 00:50:35.822  4789  4819 W ActivityTaskManager: Activity pause timeout for ActivityRecord{c7905de u0 com.example.wantuch/.MainActivity t744 d0}
03-24 00:50:36.868  4789  7627 D CoreBackPreview: Window{359a197 u0 com.example.wantuch/com.example.wantuch.MainActivity}, [type=1, isChildWindow=false]*noSurface: Setting back callback OnBackInvokedCallbackInfo{mCallback=android.window.IOnBackInvokedCallback$Stub$Proxy@4501e87, mPriority=0, mIsAnimationCallback=false}
03-24 00:50:37.213  4789  4816 V WindowManager: Sent Transition (#607) createdAt=03-24 00:50:34.233 via request=TransitionRequestInfo { type = OPEN, triggerTask = TaskInfo{userId=0 taskId=744 displayId=0 isRunning=true baseIntent=Intent { act=android.intent.action.MAIN cat=[android.intent.category.LAUNCHER] flg=0x10200000 cmp=com.example.wantuch/.MainActivity } baseActivity=ComponentInfo{com.example.wantuch/com.example.wantuch.MainActivity} topActivity=ComponentInfo{com.example.wantuch/com.example.wantuch.MainActivity} origActivity=null realActivity=ComponentInfo{com.example.wantuch/com.example.wantuch.MainActivity} numActivities=1 lastActiveTime=79724243 supportsMultiWindow=true resizeMode=1 isResizeable=true minWidth=-1 minHeight=-1 defaultMinSize=220 token=WCT{RemoteToken{994577f Task{64a55d5 #744 type=standard A=10270:com.example.wantuch}}} topActivityType=1 pictureInPictureParams=null shouldDockBigOverlays=false launchIntoPipHostTaskId=-1 lastParentTaskIdBeforePip=-1 displayCutoutSafeInsets=Rect(0, 64 - 0, 0) topActivityInfo=ActivityInfo{20c234c com.example.wantuch.MainActivity} launchCookies=[] positionInParent=Point(0, 0) parentTaskId=-1 isFocused=false isVisible=false isVisibleRequested=false isSleeping=true locusId=null displayAreaFeatureId=1 isTopActivityTransparent=false appCompatTaskInfo=AppCompatTaskInfo { topActivityInSizeCompat=false topActivityEligibleForLetterboxEducation= falseisLetterboxEducationEnabled= false isLetterboxDoubleTapEnabled= false topActivityEligibleForUserAspectRatioButton= false topActivityBoundsLetterboxed= false isFromLetterboxDoubleTap= false topActivityLetterboxVerticalPosition= -1 topActivityLetterboxHorizontalPosition= -1 topActivityLetterboxWidth=720 topActivityLetterboxHeight=1604 isUserFullscreenOverrideEnabled=false isSystemFullscreenOverrideEnabled=false cameraCompatTaskInfo=CameraCompatTaskInfo { cameraCompatControlState=hidden freeformCameraCompatMode=inactive}}}, pipTask = null, remoteTransition = null, displayChange = null, flags = 0, debugId = 607 }
03-24 00:50:37.213  4789  4816 V WindowManager:     startWCT=WindowContainerTransaction { changes = {} hops = [] errorCallbackToken=null taskFragmentOrganizer=null }
03-24 00:50:37.227  4789  4816 V WindowManager: Finish Transition (#607): created at 03-24 00:50:34.233 collect-started=0.249ms request-sent=11.53ms started=16.127ms ready=1089.169ms sent=2979.169ms finished=2988.452ms
03-24 00:50:37.245  4789  4819 D ActivityManager: remove com.example.wantuch from ColdStartingAppList
03-24 00:50:37.522  4789  4837 W ActivityManager: Rescheduling restart of crashed service com.coloros.weather.service/com.coloros.weatherWidget.service.WidgetService in 0ms for mem-pressure-event
03-24 00:50:37.539  4789  4843 I ActivityManager: Start proc 13171:com.coloros.weather.service:clockWidget/u0a134 for service {com.coloros.weather.service/com.coloros.weatherWidget.service.WidgetService}
03-24 00:50:37.786  4789  4843 I ActivityManager: Start proc 13195:com.coloros.weather.service/u0a134 for service {com.coloros.weather.service/com.oplus.weather.external.WeatherCommonService}
03-24 00:50:39.517  4789  8798 W ProcessStats: Tracking association SourceState{22d79ac com.example.wantuch/10270 Top #133344} whose proc state 1 is better than process ProcessState{3c16ff8 com.google.android.gms.persistent/10154 pkg=com.google.android.gms} proc state 2 (102 skipped)
03-24 00:50:44.265  4789  4843 I ActivityManager: Start proc 13265:com.whatsapp/u0a260 for TouchPreload com.whatsapp
03-24 00:50:44.290  4789  4789 D TemperatureManagerService: runinAppStartFlag: 0
03-24 00:50:44.317  4789  7523 D ActivityManager: add com.whatsapp to ColdStartingAppList
03-24 00:50:47.251  4789  4843 I ActivityManager: Start proc 13347:com.facebook.katana/u0a244 for content provider {com.facebook.katana/com.facebook.katana.provider.FirstPartyUserValuesProvider}
03-24 00:50:47.291  4789  7523 D ActivityManager: add com.facebook.katana to ColdStartingAppList
03-24 00:50:48.040  4789  7523 D ActivityManager: Skip enqueue broadcast because no receiver with Intent { act=com.facebook.profilo.MAIN_PROCESS_STARTED_V5 flg=0x10 (has extras) }
03-24 00:50:48.394  4789  7523 W ContextImpl: Calling a method in the system process without a qualified user: android.app.ContextImpl.sendBroadcastMultiplePermissions:1332 android.content.Context.sendBroadcastMultiplePermissions:2468 android.content.Context.sendBroadcastMultiplePermissions:2456 com.android.server.TelephonyRegistry.broadcastDataConnectionStateChanged:3916 com.android.server.TelephonyRegistry.notifyDataConnectionForSubscriber:2228 
03-24 00:50:48.491  4789  8798 W ContextImpl: Calling a method in the system process without a qualified user: android.app.ContextImpl.sendBroadcastMultiplePermissions:1332 android.content.Context.sendBroadcastMultiplePermissions:2468 android.content.Context.sendBroadcastMultiplePermissions:2456 com.android.server.TelephonyRegistry.broadcastDataConnectionStateChanged:3916 com.android.server.TelephonyRegistry.notifyDataConnectionForSubscriber:2228 
03-24 00:50:48.713  4789  7473 W ActivityManager: Background start not allowed: service Intent { act=com.whatsapp.messageservice.messaging.MessageService.START cmp=com.whatsapp/.messageservice.messaging.MessageService } to com.whatsapp/.messageservice.messaging.MessageService from pid=13265 uid=10260 pkg=com.whatsapp startFg?=false
03-24 00:50:49.195  4789  6049 D PackageManager: Considering set com.facebook.services/com.facebook.oxygen.services.fbns.RegisteredMqttSystemBroadcastReceiver's state as 1 with userId = 0, callingPackage = com.facebook.services:10092
03-24 00:50:49.840  4789  4843 I ActivityManager: Start proc 13524:com.google.android.googlequicksearchbox:search/u0a158 for service {com.google.android.googlequicksearchbox/androidx.work.impl.background.systemjob.SystemJobService}
03-24 00:50:50.289  4789  6049 W JobScheduler: Job didn't exist in JobStore: c7a2d77 {androidx.work.systemjobscheduler} #u0a158/12621 @androidx.work.systemjobscheduler@com.google.android.googlequicksearchbox/androidx.work.impl.background.systemjob.SystemJobService
03-24 00:50:50.916 13524 13573 V ResourcesManager: The following library key has been added: ResourcesKey{ mHash=94a26da8 mResDir=null mSplitDirs=[] mOverlayDirs=[/product/overlay/DefaultBrowserConfig/DefaultBrowserConfigOverlay.apk,/product/overlay/NavigationBarModeGestural/NavigationBarModeGesturalOverlay.apk,/data/resource-cache/com.android.systemui-neutral-lE8c.frro,/data/resource-cache/com.android.systemui-accent-avWr.frro,/data/resource-cache/com.android.systemui-dynamic-Jbps.frro] mLibDirs=[/data/app/~~o5vYjnOof2EaQ6deNyAS9g==/com.google.android.webview-3u-zr0xk28tnWGQwYCo2DQ==/base.apk,/system/framework/android.test.base.jar,/system_ext/framework/androidx.window.extensions.jar] mDisplayId=0 mOverrideConfig=v35 mCompatInfo={320dpi always-compat mTimeFlag = 33084487} mLoaders=[]}
03-24 00:50:51.613  4789  4843 I ActivityManager: Start proc 13598:com.google.android.webview:sandboxed_process0:org.chromium.content.app.SandboxedProcessService0:0/u0i66 for  {com.google.android.googlequicksearchbox/org.chromium.content.app.SandboxedProcessService0:0}
03-24 00:50:53.579  4789  4843 I ActivityManager: Start proc 13774:com.facebook.appmanager/u0a131 for content provider {com.facebook.appmanager/com.facebook.oxygen.appmanager.firstparty.crashreporter.FirstPartyCrashReporterProvider}
03-24 00:50:54.155  4789  5101 D PackageManager: Considering set com.facebook.appmanager/com.facebook.oxygen.appmanager.firstparty.tos.ShouldAcceptTos's state as 2 with userId = 0, callingPackage = com.facebook.appmanager:10131
03-24 00:50:54.156  4789  5101 D PackageManager: Considering set com.facebook.appmanager/com.facebook.oxygen.appmanager.firstparty.tos.ShouldShowTos's state as 2 with userId = 0, callingPackage = com.facebook.appmanager:10131
03-24 00:50:54.156  4789  5101 D PackageManager: Considering set com.facebook.appmanager/com.facebook.oxygen.appmanager.firstparty.tos.ShouldShowExplicitTos's state as 2 with userId = 0, callingPackage = com.facebook.appmanager:10131
03-24 00:50:54.184  4789  4843 I ActivityManager: Start proc 13847:com.facebook.system/u0a91 for content provider {com.facebook.system/com.facebook.oxygen.installer.api.AppManagerApiProvider}
03-24 00:50:54.199  4789  4843 I ActivityManager: Start proc 13848:com.google.android.webview:webview_service/u0a185 for service {com.google.android.webview/org.chromium.android_webview.services.VariationsSeedServer}
03-24 00:50:54.438  4789  6310 W ContextImpl: Calling a method in the system process without a qualified user: android.app.ContextImpl.sendBroadcastMultiplePermissions:1332 android.content.Context.sendBroadcastMultiplePermissions:2468 android.content.Context.sendBroadcastMultiplePermissions:2456 com.android.server.TelephonyRegistry.broadcastDataConnectionStateChanged:3916 com.android.server.TelephonyRegistry.notifyDataConnectionForSubscriber:2228 
03-24 00:50:54.479  4789  5114 W ContextImpl: Calling a method in the system process without a qualified user: android.app.ContextImpl.sendBroadcastMultiplePermissions:1332 android.content.Context.sendBroadcastMultiplePermissions:2468 android.content.Context.sendBroadcastMultiplePermissions:2456 com.android.server.TelephonyRegistry.broadcastDataConnectionStateChanged:3916 com.android.server.TelephonyRegistry.notifyDataConnectionForSubscriber:2228 
03-24 00:50:54.967  4789  4868 I AppsFilter: interaction: PackageSetting{662419d com.example.wantuch/10270} -> PackageSetting{721f059 com.facebook.appmanager/10131} BLOCKED
03-24 00:50:55.006  4789  5053 W ProcessStats: Tracking association SourceState{a45b153 system/1000 ImpFg #133505} whose proc state 5 is better than process ProcessState{aca415b com.google.android.permissioncontroller/10236 pkg=com.google.android.permissioncontroller} proc state 14 (11 skipped)
03-24 00:50:55.484  4789  6310 V AlarmManager: set(PendingIntent{90fae00: PendingIntentRecord{6b14639 com.google.android.gms/com.google.android.gms.container startService}}) : type=3 listener=null listenerTag=null workSource=null callingPackage=com.google.android.gms callingUid=10154 triggerAtTime=315439745483 win=3600000 tElapsed=315439745483 maxElapsed=315443345483 interval=0 flags=0x0
03-24 00:50:55.501  4789  5114 V AlarmManager: set(PendingIntent{bc1aa2c: PendingIntentRecord{d570cf5 com.google.android.gms/com.google.android.gms.container startService}}) : type=3 listener=null listenerTag=null workSource=null callingPackage=com.google.android.gms callingUid=10154 triggerAtTime=315439745500 win=3600000 tElapsed=315439745500 maxElapsed=315443345500 interval=0 flags=0x0
03-24 00:50:55.597  4789  5028 D ShortcutService: Saving package item com.facebook.katana to /data/system_ce/0/shortcut_service/packages/com.facebook.katana.xml
03-24 00:50:55.598  4789  4816 D ShortcutService: Getting shortcuts for launcher= com.android.systemuiuser=0 pkg=com.facebook.katana
03-24 00:50:55.985  4789  4817 V WindowManager: Content Recording: Display 39 has no content and is on, so start recording for state 2
03-24 00:51:05.315 12376 12376 D ActivityThread: Package [com.example.wantuch] reported as REPLACED, but missing application info. Assuming REMOVED.
03-24 00:51:05.318 12376 12376 D ActivityThread: Package [com.example.wantuch] reported as REPLACED, but missing application info. Assuming REMOVED.
03-24 00:51:05.333  4789  6063 W ActivityManager: Background start not allowed: service Intent { cmp=live.shorttv.apps/com.shorttv.aar.daemon.watchdog.WatchDogService } to live.shorttv.apps/com.shorttv.aar.daemon.watchdog.WatchDogService from pid=12376 uid=10247 pkg=live.shorttv.apps startFg?=false
03-24 00:51:05.335  4789  7523 W ActivityManager: Background start not allowed: service Intent { cmp=live.shorttv.apps/com.shorttv.aar.daemon.watchdog.BackgroundService } to live.shorttv.apps/com.shorttv.aar.daemon.watchdog.BackgroundService from pid=12376 uid=10247 pkg=live.shorttv.apps startFg?=false
03-24 00:51:05.357  4789  4843 I ActivityManager: Start proc 13982:live.shorttv.apps/u0a247 for service {live.shorttv.apps/com.shorttv.aar.daemon.watchdog.BackgroundService}
03-24 00:51:05.395  4789  6063 D ActivityManager: add live.shorttv.apps to ColdStartingAppList
03-24 00:51:05.498  4789  7523 D AppStartupManager: error happend in shouldPreventStartService:checkStartupLimit
03-24 00:51:05.592 13982 13982 D nativeloader: Load /data/app/live.shorttv.apps/lib/arm64/libcrashlytics.so using class loader ns clns-7 (caller=/data/app/live.shorttv.apps/live.shorttv.apps.apk!classes3.dex): ok
03-24 00:51:05.612 13982 14015 W ve.shorttv.apps: ClassLoaderContext classpath size mismatch. expected=1, found=0 (DLC[];PCL[base.apk*3532740154]{PCL[/system/framework/org.apache.http.legacy.jar*437079508]#PCL[/system/framework/com.android.location.provider.jar*3414091812]#PCL[/system/framework/com.android.media.remotedisplay.jar*2042759013]#PCL[/system_ext/framework/androidx.window.extensions.jar*59006241]#PCL[/system_ext/framework/androidx.window.sidecar.jar*3642252755]} | DLC[];PCL[])
03-24 00:51:05.622  4789  5441 D OplusFastRecovery: onSignalStrengthsChanged:SignalStrength:{mCdma=CellSignalStrengthCdma: cdmaDbm=2147483647 cdmaEcio=2147483647 evdoDbm=2147483647 evdoEcio=2147483647 evdoSnr=2147483647 level=0,mGsm=CellSignalStrengthGsm: rssi=2147483647 ber=2147483647 mTa=2147483647 mLevel=0,mWcdma=CellSignalStrengthWcdma: ss=2147483647 ber=2147483647 rscp=2147483647 ecno=2147483647 level=0,mTdscdma=CellSignalStrengthTdscdma: rssi=2147483647 ber=2147483647 rscp=2147483647 level=0,mLte=CellSignalStrengthLte: rssi=-51 rsrp=-88 rsrq=-28 rssnr=-3 cqiTableIndex=2147483647 cqi=2147483647 ta=2147483647 level=4 parametersUseForLevel=0,mNr=CellSignalStrengthNr:{ csiRsrp = 2147483647 csiRsrq = 2147483647 csiCqiTableIndex = 2147483647 csiCqiReport = [] ssRsrp = 2147483647 ssRsrq = 2147483647 ssSinr = 2147483647 level = 0 parametersUseForLevel = 0 timingAdvance = 2147483647 },primary=CellSignalStrengthLte}
03-24 00:51:05.622  5080  5125 D MobileSignalController: updateTelephonySignalStrength: hasService=true ss=SignalStrength:{mCdma=CellSignalStrengthCdma: cdmaDbm=2147483647 cdmaEcio=2147483647 evdoDbm=2147483647 evdoEcio=2147483647 evdoSnr=2147483647 level=0,mGsm=CellSignalStrengthGsm: rssi=2147483647 ber=2147483647 mTa=2147483647 mLevel=0,mWcdma=CellSignalStrengthWcdma: ss=2147483647 ber=2147483647 rscp=2147483647 ecno=2147483647 level=0,mTdscdma=CellSignalStrengthTdscdma: rssi=2147483647 ber=2147483647 rscp=2147483647 level=0,mLte=CellSignalStrengthLte: rssi=-51 rsrp=-88 rsrq=-28 rssnr=-3 cqiTableIndex=2147483647 cqi=2147483647 ta=2147483647 level=4 parametersUseForLevel=0,mNr=CellSignalStrengthNr:{ csiRsrp = 2147483647 csiRsrq = 2147483647 csiCqiTableIndex = 2147483647 csiCqiReport = [] ssRsrp = 2147483647 ssRsrq = 2147483647 ssSinr = 2147483647 level = 0 parametersUseForLevel = 0 timingAdvance = 2147483647 },primary=CellSignalStrengthLte} displayInfo=TelephonyDisplayInfo {network=LTE, overrideNetwork=NONE, isRoaming=false}
03-24 00:51:05.627  5080  5080 D SystemUi--SystemUi--: StatusBarSignalPolicyExImpl-->simSlotIndex =0,simSlotIndex = 0
03-24 00:51:05.636 13982 14015 W System  : ClassLoader referenced unknown path: 
03-24 00:51:05.656 13982 14015 W ve.shorttv.apps: ClassLoaderContext classpath element mismatch. expected=base.apk, found=/data/app/live.shorttv.apps/live.shorttv.apps.apk (DLC[];PCL[base.apk*3532740154]{PCL[/system/framework/org.apache.http.legacy.jar*437079508]#PCL[/system/framework/com.android.location.provider.jar*3414091812]#PCL[/system/framework/com.android.media.remotedisplay.jar*2042759013]#PCL[/system_ext/framework/androidx.window.extensions.jar*59006241]#PCL[/system_ext/framework/androidx.window.sidecar.jar*3642252755]} | DLC[];PCL[/data/app/live.shorttv.apps/live.shorttv.apps.apk*857898504])
03-24 00:51:05.664 13982 14027 D ApplicationLoaders: Returning zygote-cached class loader: /system/framework/org.apache.http.legacy.jar
03-24 00:51:05.685 13982 14027 D nativeloader: Configuring clns-9 for other apk /system/framework/com.android.location.provider.jar. target_sdk_version=37, uses_libraries=ALL, library_path=/data/app/~~H3IxyRHxTydf_7q0c9exYQ==/com.google.android.gms-DWVHJtVZ6tls0urfJMVt4A==/lib/arm64:/data/app/~~H3IxyRHxTydf_7q0c9exYQ==/com.google.android.gms-DWVHJtVZ6tls0urfJMVt4A==/base.apk!/lib/arm64-v8a, permitted_path=/data:/mnt/expand:/data/user/0/com.google.android.gms
03-24 00:51:05.694 13982 14027 D nativeloader: Configuring clns-10 for other apk /system/framework/com.android.media.remotedisplay.jar. target_sdk_version=37, uses_libraries=ALL, library_path=/data/app/~~H3IxyRHxTydf_7q0c9exYQ==/com.google.android.gms-DWVHJtVZ6tls0urfJMVt4A==/lib/arm64:/data/app/~~H3IxyRHxTydf_7q0c9exYQ==/com.google.android.gms-DWVHJtVZ6tls0urfJMVt4A==/base.apk!/lib/arm64-v8a, permitted_path=/data:/mnt/expand:/data/user/0/com.google.android.gms
03-24 00:51:05.697 13982 14027 D ApplicationLoaders: Returning zygote-cached class loader: /system_ext/framework/androidx.window.extensions.jar
03-24 00:51:05.697 13982 14027 D ApplicationLoaders: Returning zygote-cached class loader: /system_ext/framework/androidx.window.sidecar.jar
03-24 00:51:05.706 13982 13982 D nativeloader: Load /data/app/live.shorttv.apps/lib/arm64/libc++_shared.so using class loader ns clns-7 (caller=/data/app/live.shorttv.apps/live.shorttv.apps.apk!classes4.dex): ok
03-24 00:51:05.709  4789  6828 D AppStartupManager: error happend in shouldPreventStartService:checkStartupLimit
03-24 00:51:05.712 13982 13982 D nativeloader: Load /data/app/live.shorttv.apps/lib/arm64/libmarsxlog.so using class loader ns clns-7 (caller=/data/app/live.shorttv.apps/live.shorttv.apps.apk!classes4.dex): ok
03-24 00:51:05.729 13982 13982 D nativeloader: Load /data/app/live.shorttv.apps/lib/arm64/libmmkv.so using class loader ns clns-7 (caller=/data/app/live.shorttv.apps/live.shorttv.apps.apk!classes4.dex): ok
03-24 00:51:05.780 13982 13982 D nativeloader: Load /data/app/live.shorttv.apps/lib/arm64/libwcdb.so using class loader ns clns-7 (caller=/data/app/live.shorttv.apps/live.shorttv.apps.apk!classes4.dex): ok
03-24 00:51:05.784  4789  6828 D AppStartupManager: error happend in shouldPreventStartService:checkStartupLimit
03-24 00:51:05.792 13140 13140 D BoundBrokerSvc: onBind: Intent { act=com.google.android.gms.measurement.START pkg=com.google.android.gms }
03-24 00:51:05.792 13140 13140 D BoundBrokerSvc: Loading bound service for intent: Intent { act=com.google.android.gms.measurement.START pkg=com.google.android.gms }
03-24 00:51:05.812  4789  6063 D PackageManager: Considering set live.shorttv.apps/androidx.work.impl.background.systemjob.SystemJobService's state as 1 with userId = 0, callingPackage = live.shorttv.apps:10247
03-24 00:51:05.820 13982 13982 V SoLoader: Init System Loader delegate
03-24 00:51:05.879 13982 13982 W com.facebook.n0: Please set a value for AutoLogAppEventsEnabled. Set the flag to TRUE if you want to collect app install, app launch and in-app purchase events automatically. To request user consent before collecting data, set the flag value to FALSE, then change to TRUE once user consent is received. Learn more: https://developers.facebook.com/docs/app-events/getting-started-app-events-android#disable-auto-events.
03-24 00:51:05.879 13982 13982 W com.facebook.n0: You haven't set a value for AdvertiserIDCollectionEnabled. Set the flag to TRUE if you want to collect Advertiser ID for better advertising and analytics results. To request user consent before collecting data, set the flag value to FALSE, then change to TRUE once user consent is received. Learn more: https://developers.facebook.com/docs/app-events/getting-started-app-events-android#disable-auto-events.
03-24 00:51:05.888 13140 13140 D BoundBrokerSvc: onUnbind: Intent { act=com.google.android.gms.audit.service.START pkg=com.google.android.gms }
03-24 00:51:05.942 13982 13982 D nativeloader: Load /data/app/live.shorttv.apps/lib/arm64/libttlicense2.so using class loader ns clns-7 (caller=/data/app/live.shorttv.apps/live.shorttv.apps.apk!classes3.dex): ok
03-24 00:51:05.954 13982 14075 D FBAudienceNetwork: SDK dex loading time: 80
03-24 00:51:05.969  5514  5514 D BoundBrokerSvc: onUnbind: Intent { act=com.google.android.gms.auth.aang.events.services.START dat=chimera-action:/... cmp=com.google.android.gms/.chimera.PersistentApiService }
03-24 00:51:05.971 13982 13982 D nativeloader: Load /data/app/live.shorttv.apps/lib/arm64/libvideodec.so using class loader ns clns-7 (caller=/data/app/live.shorttv.apps/live.shorttv.apps.apk!classes3.dex): ok
03-24 00:51:05.982 13982 14029 E FA      : Name starts with reserved prefix. Type, name: event, google_service_available
03-24 00:51:05.983 13265 13265 D WM-GreedyScheduler: Starting tracking for f911b60a-e156-47c6-9934-67c6e31149bf
03-24 00:51:05.988 13982 13982 D nativeloader: Load /data/app/live.shorttv.apps/lib/arm64/libvcbasekit.so using class loader ns clns-7 (caller=/data/app/live.shorttv.apps/live.shorttv.apps.apk!classes3.dex): ok
03-24 00:51:05.992 13982 13982 D nativeloader: Load /data/app/live.shorttv.apps/lib/arm64/libvcn.so using class loader ns clns-7 (caller=/data/app/live.shorttv.apps/live.shorttv.apps.apk!classes3.dex): ok
03-24 00:51:05.993 13982 13982 D nativeloader: Load /data/app/live.shorttv.apps/lib/arm64/libvcnverify.so using class loader ns clns-7 (caller=/data/app/live.shorttv.apps/live.shorttv.apps.apk!classes3.dex): dlopen failed: library "libsscronet.so" not found: needed by /data/app/live.shorttv.apps/lib/arm64/libvcnverify.so in namespace clns-7
03-24 00:51:05.994 13982 13982 E vcn     : Can't load vcnverify library: java.lang.UnsatisfiedLinkError: dlopen failed: library "libsscronet.so" not found: needed by /data/app/live.shorttv.apps/lib/arm64/libvcnverify.so in namespace clns-7
03-24 00:51:05.996 13982 13982 D nativeloader: Load /data/app/live.shorttv.apps/lib/arm64/libvcnverifylite.so using class loader ns clns-7 (caller=/data/app/live.shorttv.apps/live.shorttv.apps.apk!classes3.dex): ok
03-24 00:51:05.996 13982 13982 D vcnnetwork: <0x0,custom_verify_android.c,JNI_OnLoad,571>register verify call start
03-24 00:51:05.997 13982 13982 E custom_verify: start init native
03-24 00:51:06.000 13982 13982 D nativeloader: Load /data/app/live.shorttv.apps/lib/arm64/libavmdlbase.so using class loader ns clns-7 (caller=/data/app/live.shorttv.apps/live.shorttv.apps.apk!classes3.dex): ok
03-24 00:51:06.002 13265 13265 D WM-WorkerWrapper: Starting work for com.whatsapp.stickers.stickerpack.FetchDownloadableStickerPackWorker
03-24 00:51:06.004 13982 13982 D nativeloader: Load /data/app/live.shorttv.apps/lib/arm64/libavmdl.so using class loader ns clns-7 (caller=/data/app/live.shorttv.apps/live.shorttv.apps.apk!classes3.dex): ok
03-24 00:51:06.005 13982 13982 D nativeloader: Load /data/app/live.shorttv.apps/lib/arm64/libvcnverify.so using class loader ns clns-7 (caller=/data/app/live.shorttv.apps/live.shorttv.apps.apk!classes3.dex): dlopen failed: library "libsscronet.so" not found: needed by /data/app/live.shorttv.apps/lib/arm64/libvcnverify.so in namespace clns-7
03-24 00:51:06.005 13982 13982 E vcn     : Can't load vcnverify library: java.lang.UnsatisfiedLinkError: dlopen failed: library "libsscronet.so" not found: needed by /data/app/live.shorttv.apps/lib/arm64/libvcnverify.so in namespace clns-7
03-24 00:51:06.005 13982 13982 W ttmdl   : <0x0,AVMDLManagerBridge.cpp,native_create,41>start create mdl
03-24 00:51:06.008   579 13470 I keystore2: system/security/keystore2/watchdog/src/lib.rs:319 - Watchdog thread idle -> terminating. Have a great day.
03-24 00:51:06.019 13982 13982 E ve.shorttv.apps: No implementation found for void com.bytedance.vcloud.cacheModule.utils.CmLog._turnLogLevel(int, boolean) (tried Java_com_bytedance_vcloud_cacheModule_utils_CmLog__1turnLogLevel and Java_com_bytedance_vcloud_cacheModule_utils_CmLog__1turnLogLevel__IZ) - is the library loaded, e.g. System.loadLibrary?
03-24 00:51:06.019 13982 13982 W PlaylistCacheModule: api-native not match: No implementation found for void com.bytedance.vcloud.cacheModule.utils.CmLog._turnLogLevel(int, boolean) (tried Java_com_bytedance_vcloud_cacheModule_utils_CmLog__1turnLogLevel and Java_com_bytedance_vcloud_cacheModule_utils_CmLog__1turnLogLevel__IZ) - is the library loaded, e.g. System.loadLibrary?
03-24 00:51:06.025 13982 14109 D PlaylistCacheModule: start read prop: debug.cacheModule.log.enable
03-24 00:51:06.037 13982 13982 D nativeloader: Load /data/app/live.shorttv.apps/lib/arm64/libByteVC1_dec.so using class loader ns clns-7 (caller=/data/app/live.shorttv.apps/live.shorttv.apps.apk!classes3.dex): ok
03-24 00:51:06.046 13982 13982 D nativeloader: Load /data/app/live.shorttv.apps/lib/arm64/libttffmpeg.so using class loader ns clns-7 (caller=/data/app/live.shorttv.apps/live.shorttv.apps.apk!classes3.dex): ok
03-24 00:51:06.053 13982 13982 D nativeloader: Load /data/app/live.shorttv.apps/lib/arm64/libttmplayer.so using class loader ns clns-7 (caller=/data/app/live.shorttv.apps/live.shorttv.apps.apk!classes3.dex): ok
03-24 00:51:06.062 13982 13982 W System.err: java.lang.ClassNotFoundException: com.pandora.ttlivestrategy.TTLiveStrategySDK
03-24 00:51:06.062 13982 13982 W System.err: 	at java.lang.Class.classForName(Native Method)
03-24 00:51:06.062 13982 13982 W System.err: 	at java.lang.Class.forName(Class.java:591)
03-24 00:51:06.062 13982 13982 W System.err: 	at java.lang.Class.forName(Class.java:496)
03-24 00:51:06.062 13982 13982 W System.err: 	at a8.a.k(Env.java:1)
03-24 00:51:06.062 13982 13982 W System.err: 	at a8.a.j(Env.java:3)
03-24 00:51:06.062 13982 13982 W System.err: 	at a8.a.g(Env.java:6)
03-24 00:51:06.062 13982 13982 W System.err: 	at com.startshorts.androidplayer.manager.video.VideoPlayersManager.l(VideoPlayersManager.kt:29)
03-24 00:51:06.062 13982 13982 W System.err: 	at com.startshorts.androidplayer.SApp.d(SApp.kt:14)
03-24 00:51:06.062 13982 13982 W System.err: 	at com.startshorts.androidplayer.SApp.onCreate(SApp.kt:7)
03-24 00:51:06.062 13982 13982 W System.err: 	at android.app.Instrumentation.callApplicationOnCreate(Instrumentation.java:1386)
03-24 00:51:06.062 13982 13982 W System.err: 	at android.app.ActivityThread.handleBindApplication(ActivityThread.java:7648)
03-24 00:51:06.062 13982 13982 W System.err: 	at android.app.ActivityThread.-$$Nest$mhandleBindApplication(Unknown Source:0)
03-24 00:51:06.062 13982 13982 W System.err: 	at android.app.ActivityThread$H.handleMessage(ActivityThread.java:2477)
03-24 00:51:06.062 13982 13982 W System.err: 	at android.os.Handler.dispatchMessage(Handler.java:107)
03-24 00:51:06.063 13982 13982 W System.err: 	at android.os.Looper.loopOnce(Looper.java:232)
03-24 00:51:06.063 13982 13982 W System.err: 	at android.os.Looper.loop(Looper.java:317)
03-24 00:51:06.063 13982 13982 W System.err: 	at android.app.ActivityThread.main(ActivityThread.java:8886)
03-24 00:51:06.063 13982 13982 W System.err: 	at java.lang.reflect.Method.invoke(Native Method)
03-24 00:51:06.063 13982 13982 W System.err: 	at com.android.internal.os.RuntimeInit$MethodAndArgsCaller.run(RuntimeInit.java:681)
03-24 00:51:06.063 13982 13982 W System.err: 	at com.android.internal.os.ZygoteInit.main(ZygoteInit.java:915)
03-24 00:51:06.063 13982 13982 W System.err: Caused by: java.lang.ClassNotFoundException: com.pandora.ttlivestrategy.TTLiveStrategySDK
03-24 00:51:06.063 13982 13982 W System.err: 	... 20 more
03-24 00:51:06.063 13982 13982 W System.err: java.lang.ClassNotFoundException: com.pandora.live.player.TTVeLivePlayerSDK
03-24 00:51:06.063 13982 13982 W System.err: 	at java.lang.Class.classForName(Native Method)
03-24 00:51:06.063 13982 13982 W System.err: 	at java.lang.Class.forName(Class.java:591)
03-24 00:51:06.063 13982 13982 W System.err: 	at java.lang.Class.forName(Class.java:496)
03-24 00:51:06.063 13982 13982 W System.err: 	at a8.a.l(Env.java:1)
03-24 00:51:06.063 13982 13982 W System.err: 	at a8.a.j(Env.java:4)
03-24 00:51:06.063 13982 13982 W System.err: 	at a8.a.g(Env.java:6)
03-24 00:51:06.063 13982 13982 W System.err: 	at com.startshorts.androidplayer.manager.video.VideoPlayersManager.l(VideoPlayersManager.kt:29)
03-24 00:51:06.063 13982 13982 W System.err: 	at com.startshorts.androidplayer.SApp.d(SApp.kt:14)
03-24 00:51:06.063 13982 13982 W System.err: 	at com.startshorts.androidplayer.SApp.onCreate(SApp.kt:7)
03-24 00:51:06.063 13982 13982 W System.err: 	at android.app.Instrumentation.callApplicationOnCreate(Instrumentation.java:1386)
03-24 00:51:06.063 13982 13982 W System.err: 	at android.app.ActivityThread.handleBindApplication(ActivityThread.java:7648)
03-24 00:51:06.063 13982 13982 W System.err: 	at android.app.ActivityThread.-$$Nest$mhandleBindApplication(Unknown Source:0)
03-24 00:51:06.063 13982 13982 W System.err: 	at android.app.ActivityThread$H.handleMessage(ActivityThread.java:2477)
03-24 00:51:06.063 13982 13982 W System.err: 	at android.os.Handler.dispatchMessage(Handler.java:107)
03-24 00:51:06.063 13982 13982 W System.err: 	at android.os.Looper.loopOnce(Looper.java:232)
03-24 00:51:06.063 13982 13982 W System.err: 	at android.os.Looper.loop(Looper.java:317)
03-24 00:51:06.063 13982 13982 W System.err: 	at android.app.ActivityThread.main(ActivityThread.java:8886)
03-24 00:51:06.063 13982 13982 W System.err: 	at java.lang.reflect.Method.invoke(Native Method)
03-24 00:51:06.063 13982 13982 W System.err: 	at com.android.internal.os.RuntimeInit$MethodAndArgsCaller.run(RuntimeInit.java:681)
03-24 00:51:06.063 13982 13982 W System.err: 	at com.android.internal.os.ZygoteInit.main(ZygoteInit.java:915)
03-24 00:51:06.064 13982 13982 W System.err: Caused by: java.lang.ClassNotFoundException: com.pandora.live.player.TTVeLivePlayerSDK
03-24 00:51:06.064 13982 13982 W System.err: 	... 20 more
03-24 00:51:06.064 13982 13982 W System.err: java.lang.ClassNotFoundException: com.pandora.live.TTVeLivePusherSDK
03-24 00:51:06.064 13982 13982 W System.err: 	at java.lang.Class.classForName(Native Method)
03-24 00:51:06.064 13982 13982 W System.err: 	at java.lang.Class.forName(Class.java:591)
03-24 00:51:06.064 13982 13982 W System.err: 	at java.lang.Class.forName(Class.java:496)
03-24 00:51:06.064 13982 13982 W System.err: 	at a8.a.m(Env.java:1)
03-24 00:51:06.064 13982 13982 W System.err: 	at a8.a.j(Env.java:5)
03-24 00:51:06.064 13982 13982 W System.err: 	at a8.a.g(Env.java:6)
03-24 00:51:06.064 13982 13982 W System.err: 	at com.startshorts.androidplayer.manager.video.VideoPlayersManager.l(VideoPlayersManager.kt:29)
03-24 00:51:06.064 13982 13982 W System.err: 	at com.startshorts.androidplayer.SApp.d(SApp.kt:14)
03-24 00:51:06.064 13982 13982 W System.err: 	at com.startshorts.androidplayer.SApp.onCreate(SApp.kt:7)
03-24 00:51:06.064 13982 13982 W System.err: 	at android.app.Instrumentation.callApplicationOnCreate(Instrumentation.java:1386)
03-24 00:51:06.064 13982 13982 W System.err: 	at android.app.ActivityThread.handleBindApplication(ActivityThread.java:7648)
03-24 00:51:06.064 13982 13982 W System.err: 	at android.app.ActivityThread.-$$Nest$mhandleBindApplication(Unknown Source:0)
03-24 00:51:06.064 13982 13982 W System.err: 	at android.app.ActivityThread$H.handleMessage(ActivityThread.java:2477)
03-24 00:51:06.064 13982 13982 W System.err: 	at android.os.Handler.dispatchMessage(Handler.java:107)
03-24 00:51:06.064 13982 13982 W System.err: 	at android.os.Looper.loopOnce(Looper.java:232)
03-24 00:51:06.064 13982 13982 W System.err: 	at android.os.Looper.loop(Looper.java:317)
03-24 00:51:06.064 13982 13982 W System.err: 	at android.app.ActivityThread.main(ActivityThread.java:8886)
03-24 00:51:06.064 13982 13982 W System.err: 	at java.lang.reflect.Method.invoke(Native Method)
03-24 00:51:06.064 13982 13982 W System.err: 	at com.android.internal.os.RuntimeInit$MethodAndArgsCaller.run(RuntimeInit.java:681)
03-24 00:51:06.064 13982 13982 W System.err: 	at com.android.internal.os.ZygoteInit.main(ZygoteInit.java:915)
03-24 00:51:06.064 13982 13982 W System.err: Caused by: java.lang.ClassNotFoundException: com.pandora.live.TTVeLivePusherSDK
03-24 00:51:06.064 13982 13982 W System.err: 	... 20 more
03-24 00:51:06.072 13982 13982 I AbsWorkService: onStart
03-24 00:51:06.073  4789  6052 W ActivityManager: Background start not allowed: service Intent { cmp=live.shorttv.apps/com.shorttv.aar.daemon.watchdog.WatchDogService } to live.shorttv.apps/com.shorttv.aar.daemon.watchdog.WatchDogService from pid=13982 uid=10247 pkg=live.shorttv.apps startFg?=false
03-24 00:51:06.090 13982 14045 E Daemon  : startServiceSafely failed -> Not allowed to start service Intent { cmp=live.shorttv.apps/com.shorttv.aar.daemon.watchdog.WatchDogService }: app is in background uid UidRecord{1f7c72e u0a247 SVC  bg:+53m8s820ms idle change:uncachedprocstate procs:0 seq(536783,536783)} caps=-------
03-24 00:51:06.092  4789  6828 D AppStartupManager: error happend in shouldPreventStartService:checkStartupLimit
03-24 00:51:06.094 13982 14045 I CoroutineUtil: executeTask(startServiceMayBind) costTime(23ms)
03-24 00:51:06.113  5080  5670 I PluginSeedling--Base: SeedlingPluginService-->onStateChange: Bundle[{pkgName=android.uid.system:1000, pid=12450, uid=1000, state=onProcessDied}]
03-24 00:51:06.114  5080  5670 D StateMonitor: isCapsuleProcessStateChanged. state:Bundle[{pkgName=android.uid.system:1000, pid=12450, uid=1000, state=onProcessDied}]
03-24 00:51:06.114  5080  5670 D PluginSeedling--Engine: NoUMSStatusBarDataManager-->removeCardForProcessDied: android.uid.system:1000
03-24 00:51:06.148  4789  7523 D AppStartupManager: error happend in shouldPreventStartService:checkStartupLimit
03-24 00:51:06.160  4789  7523 D AppStartupManager: error happend in shouldPreventStartService:checkStartupLimit
03-24 00:51:06.177  4789  7523 D AppStartupManager: error happend in shouldPreventStartService:checkStartupLimit
03-24 00:51:06.178  5514  5514 D BoundBrokerSvc: onRebind: Intent { act=com.google.android.gms.common.telemetry.service.START dat=chimera-action:/... cmp=com.google.android.gms/.chimera.PersistentApiService }
03-24 00:51:06.189  4789  6052 D AppStartupManager: error happend in shouldPreventStartService:checkStartupLimit
03-24 00:51:06.191  5514  5514 D BoundBrokerSvc: onRebind: Intent { act=com.google.android.gms.presencemanager.service.START dat=chimera-action:/... cmp=com.google.android.gms/.chimera.PersistentApiService }
03-24 00:51:06.194  4789  6052 D AppStartupManager: error happend in shouldPreventStartService:checkStartupLimit
03-24 00:51:06.198  5514  5514 D BoundBrokerSvc: onUnbind: Intent { act=com.google.android.gms.clearcut.sampler.service.START dat=chimera-action:/... cmp=com.google.android.gms/.chimera.PersistentDirectBootAwareApiService }
03-24 00:51:06.209  4789  7523 D AppStartupManager: error happend in shouldPreventStartService:checkStartupLimit
03-24 00:51:06.424  4789  7523 D AppStartupManager: error happend in shouldPreventStartService:checkStartupLimit
03-24 00:51:06.545 13982 14043 D EventBus: No subscribers registered for event class com.startshorts.androidplayer.bean.eventbus.HandleHomeDialogProcessorEvent
03-24 00:51:06.573 13982 14154 D nativeloader: Load /data/app/live.shorttv.apps/lib/arm64/libimagepipeline.so using class loader ns clns-7 (caller=/data/app/live.shorttv.apps/live.shorttv.apps.apk!classes2.dex): ok
03-24 00:51:06.691  4789  7523 D AppStartupManager: error happend in shouldPreventStartService:checkStartupLimit
03-24 00:51:06.715  4789  7523 D AppStartupManager: error happend in shouldPreventStartService:checkStartupLimit
03-24 00:51:06.880  4789  6828 D AppStartupManager: error happend in shouldPreventStartService:checkStartupLimit
03-24 00:51:06.886  4789  7523 D AppStartupManager: error happend in shouldPreventStartService:checkStartupLimit
03-24 00:51:06.924 13265 13265 D WM-SystemJobService: f911b60a-e156-47c6-9934-67c6e31149bf executed on JobScheduler
03-24 00:51:06.937  4789  7523 D AppStartupManager: error happend in shouldPreventStartService:checkStartupLimit
03-24 00:51:06.951  4789  7523 V BroadcastQueue: Enqueuing BroadcastRecord{81c087d com.shorttv.live.START_MAIN_PROCESS/u0} ordered=false from uid 10247 pid 13982 for 1 receivers
03-24 00:51:07.090  4789  6828 D AppStartupManager: error happend in shouldPreventStartService:checkStartupLimit
03-24 00:51:07.631  4789  5441 D OplusFastRecovery: onSignalStrengthsChanged:SignalStrength:{mCdma=CellSignalStrengthCdma: cdmaDbm=2147483647 cdmaEcio=2147483647 evdoDbm=2147483647 evdoEcio=2147483647 evdoSnr=2147483647 level=0,mGsm=CellSignalStrengthGsm: rssi=2147483647 ber=2147483647 mTa=2147483647 mLevel=0,mWcdma=CellSignalStrengthWcdma: ss=2147483647 ber=2147483647 rscp=2147483647 ecno=2147483647 level=0,mTdscdma=CellSignalStrengthTdscdma: rssi=2147483647 ber=2147483647 rscp=2147483647 level=0,mLte=CellSignalStrengthLte: rssi=-51 rsrp=-89 rsrq=-28 rssnr=-3 cqiTableIndex=2147483647 cqi=2147483647 ta=2147483647 level=4 parametersUseForLevel=0,mNr=CellSignalStrengthNr:{ csiRsrp = 2147483647 csiRsrq = 2147483647 csiCqiTableIndex = 2147483647 csiCqiReport = [] ssRsrp = 2147483647 ssRsrq = 2147483647 ssSinr = 2147483647 level = 0 parametersUseForLevel = 0 timingAdvance = 2147483647 },primary=CellSignalStrengthLte}
03-24 00:51:07.631  5080  5125 D MobileSignalController: updateTelephonySignalStrength: hasService=true ss=SignalStrength:{mCdma=CellSignalStrengthCdma: cdmaDbm=2147483647 cdmaEcio=2147483647 evdoDbm=2147483647 evdoEcio=2147483647 evdoSnr=2147483647 level=0,mGsm=CellSignalStrengthGsm: rssi=2147483647 ber=2147483647 mTa=2147483647 mLevel=0,mWcdma=CellSignalStrengthWcdma: ss=2147483647 ber=2147483647 rscp=2147483647 ecno=2147483647 level=0,mTdscdma=CellSignalStrengthTdscdma: rssi=2147483647 ber=2147483647 rscp=2147483647 level=0,mLte=CellSignalStrengthLte: rssi=-51 rsrp=-89 rsrq=-28 rssnr=-3 cqiTableIndex=2147483647 cqi=2147483647 ta=2147483647 level=4 parametersUseForLevel=0,mNr=CellSignalStrengthNr:{ csiRsrp = 2147483647 csiRsrq = 2147483647 csiCqiTableIndex = 2147483647 csiCqiReport = [] ssRsrp = 2147483647 ssRsrq = 2147483647 ssSinr = 2147483647 level = 0 parametersUseForLevel = 0 timingAdvance = 2147483647 },primary=CellSignalStrengthLte} displayInfo=TelephonyDisplayInfo {network=LTE, overrideNetwork=NONE, isRoaming=false}
03-24 00:51:07.638  5080  5080 D SystemUi--SystemUi--: StatusBarSignalPolicyExImpl-->simSlotIndex =0,simSlotIndex = 0
03-24 00:51:08.399  4789  6052 D AppStartupManager: error happend in shouldPreventStartService:checkStartupLimit
03-24 00:51:08.635  4789  5441 D OplusFastRecovery: onSignalStrengthsChanged:SignalStrength:{mCdma=CellSignalStrengthCdma: cdmaDbm=2147483647 cdmaEcio=2147483647 evdoDbm=2147483647 evdoEcio=2147483647 evdoSnr=2147483647 level=0,mGsm=CellSignalStrengthGsm: rssi=2147483647 ber=2147483647 mTa=2147483647 mLevel=0,mWcdma=CellSignalStrengthWcdma: ss=2147483647 ber=2147483647 rscp=2147483647 ecno=2147483647 level=0,mTdscdma=CellSignalStrengthTdscdma: rssi=2147483647 ber=2147483647 rscp=2147483647 level=0,mLte=CellSignalStrengthLte: rssi=-51 rsrp=-90 rsrq=-28 rssnr=-5 cqiTableIndex=2147483647 cqi=2147483647 ta=2147483647 level=4 parametersUseForLevel=0,mNr=CellSignalStrengthNr:{ csiRsrp = 2147483647 csiRsrq = 2147483647 csiCqiTableIndex = 2147483647 csiCqiReport = [] ssRsrp = 2147483647 ssRsrq = 2147483647 ssSinr = 2147483647 level = 0 parametersUseForLevel = 0 timingAdvance = 2147483647 },primary=CellSignalStrengthLte}
03-24 00:51:08.635  5080  5125 D MobileSignalController: updateTelephonySignalStrength: hasService=true ss=SignalStrength:{mCdma=CellSignalStrengthCdma: cdmaDbm=2147483647 cdmaEcio=2147483647 evdoDbm=2147483647 evdoEcio=2147483647 evdoSnr=2147483647 level=0,mGsm=CellSignalStrengthGsm: rssi=2147483647 ber=2147483647 mTa=2147483647 mLevel=0,mWcdma=CellSignalStrengthWcdma: ss=2147483647 ber=2147483647 rscp=2147483647 ecno=2147483647 level=0,mTdscdma=CellSignalStrengthTdscdma: rssi=2147483647 ber=2147483647 rscp=2147483647 level=0,mLte=CellSignalStrengthLte: rssi=-51 rsrp=-90 rsrq=-28 rssnr=-5 cqiTableIndex=2147483647 cqi=2147483647 ta=2147483647 level=4 parametersUseForLevel=0,mNr=CellSignalStrengthNr:{ csiRsrp = 2147483647 csiRsrq = 2147483647 csiCqiTableIndex = 2147483647 csiCqiReport = [] ssRsrp = 2147483647 ssRsrq = 2147483647 ssSinr = 2147483647 level = 0 parametersUseForLevel = 0 timingAdvance = 2147483647 },primary=CellSignalStrengthLte} displayInfo=TelephonyDisplayInfo {network=LTE, overrideNetwork=NONE, isRoaming=false}
03-24 00:51:08.643  5080  5080 D SystemUi--SystemUi--: StatusBarSignalPolicyExImpl-->simSlotIndex =0,simSlotIndex = 0
03-24 00:51:09.340  5225 24078 D IpClient/wlan0: interfaceLinkStateChanged: ifindex 28 up
03-24 00:51:09.639  4789  5441 D OplusFastRecovery: onSignalStrengthsChanged:SignalStrength:{mCdma=CellSignalStrengthCdma: cdmaDbm=2147483647 cdmaEcio=2147483647 evdoDbm=2147483647 evdoEcio=2147483647 evdoSnr=2147483647 level=0,mGsm=CellSignalStrengthGsm: rssi=2147483647 ber=2147483647 mTa=2147483647 mLevel=0,mWcdma=CellSignalStrengthWcdma: ss=2147483647 ber=2147483647 rscp=2147483647 ecno=2147483647 level=0,mTdscdma=CellSignalStrengthTdscdma: rssi=2147483647 ber=2147483647 rscp=2147483647 level=0,mLte=CellSignalStrengthLte: rssi=-51 rsrp=-92 rsrq=-29 rssnr=-8 cqiTableIndex=2147483647 cqi=2147483647 ta=2147483647 level=4 parametersUseForLevel=0,mNr=CellSignalStrengthNr:{ csiRsrp = 2147483647 csiRsrq = 2147483647 csiCqiTableIndex = 2147483647 csiCqiReport = [] ssRsrp = 2147483647 ssRsrq = 2147483647 ssSinr = 2147483647 level = 0 parametersUseForLevel = 0 timingAdvance = 2147483647 },primary=CellSignalStrengthLte}
03-24 00:51:09.639  5080  5125 D MobileSignalController: updateTelephonySignalStrength: hasService=true ss=SignalStrength:{mCdma=CellSignalStrengthCdma: cdmaDbm=2147483647 cdmaEcio=2147483647 evdoDbm=2147483647 evdoEcio=2147483647 evdoSnr=2147483647 level=0,mGsm=CellSignalStrengthGsm: rssi=2147483647 ber=2147483647 mTa=2147483647 mLevel=0,mWcdma=CellSignalStrengthWcdma: ss=2147483647 ber=2147483647 rscp=2147483647 ecno=2147483647 level=0,mTdscdma=CellSignalStrengthTdscdma: rssi=2147483647 ber=2147483647 rscp=2147483647 level=0,mLte=CellSignalStrengthLte: rssi=-51 rsrp=-92 rsrq=-29 rssnr=-8 cqiTableIndex=2147483647 cqi=2147483647 ta=2147483647 level=4 parametersUseForLevel=0,mNr=CellSignalStrengthNr:{ csiRsrp = 2147483647 csiRsrq = 2147483647 csiCqiTableIndex = 2147483647 csiCqiReport = [] ssRsrp = 2147483647 ssRsrq = 2147483647 ssSinr = 2147483647 level = 0 parametersUseForLevel = 0 timingAdvance = 2147483647 },primary=CellSignalStrengthLte} displayInfo=TelephonyDisplayInfo {network=LTE, overrideNetwork=NONE, isRoaming=false}
03-24 00:51:09.647  5080  5080 D SystemUi--SystemUi--: StatusBarSignalPolicyExImpl-->simSlotIndex =0,simSlotIndex = 0
03-24 00:51:09.891  4789  4920 D ActivityManager: freezing 13847 com.facebook.system
03-24 00:51:09.920  4789  6052 D AppStartupManager: error happend in shouldPreventStartService:checkStartupLimit
03-24 00:51:10.384  4789  6052 I android_os_HwBinder: HwBinder: Starting thread pool for getting: vendor.sprd.hardware.thermal@2.0::IExtThermal/default
03-24 00:51:10.390  4789  4789 D TemperatureManagerService: runinAppStartFlag: 0
